Component: ARM Compiler 5.06 update 6 (build 750) Tool: armlink [4d35ed]

==============================================================================

Section Cross References

    main.o(i.ADXL345_INIT) refers to main.o(i.ADXL345_SPI_INIT) for ADXL345_SPI_INIT
    main.o(i.ADXL345_INIT) refers to main.o(i.ADXL345_SPI_SEND) for ADXL345_SPI_SEND
    main.o(i.ANGLES) refers to f2d.o(x$fpl$f2d) for __aeabi_f2d
    main.o(i.ANGLES) refers to main.o(i.DRAW_GRAPH_LVL) for DRAW_GRAPH_LVL
    main.o(i.ANGLES) refers to main.o(i.DIGITS_ON_DISP) for DIGITS_ON_DISP
    main.o(i.ANGLES) refers to main.o(i.DRAW_IMAGE) for DRAW_IMAGE
    main.o(i.ANGLES) refers to main.o(.data) for roll
    main.o(i.ANGLES) refers to main.o(.constdata) for angle_sign
    main.o(i.ANGLES_CALC) refers to main.o(i.RECEIVING_n_FILTERING_DATA) for RECEIVING_n_FILTERING_DATA
    main.o(i.ANGLES_CALC) refers to faddsub_clz.o(x$fpl$fadd) for __aeabi_fadd
    main.o(i.ANGLES_CALC) refers to fmul.o(x$fpl$fmul) for __aeabi_fmul
    main.o(i.ANGLES_CALC) refers to f2d.o(x$fpl$f2d) for __aeabi_f2d
    main.o(i.ANGLES_CALC) refers to sqrt.o(i.sqrt) for sqrt
    main.o(i.ANGLES_CALC) refers to d2f.o(x$fpl$d2f) for __aeabi_d2f
    main.o(i.ANGLES_CALC) refers to frleqf.o(x$fpl$frleqf) for __aeabi_cfrcmple
    main.o(i.ANGLES_CALC) refers to atan2.o(i.atan2) for atan2
    main.o(i.ANGLES_CALC) refers to dmul.o(x$fpl$dmul) for __aeabi_dmul
    main.o(i.ANGLES_CALC) refers to ddiv.o(x$fpl$ddiv) for __aeabi_ddiv
    main.o(i.ANGLES_CALC) refers to daddsub_clz.o(x$fpl$dsub) for __aeabi_dsub
    main.o(i.ANGLES_CALC) refers to main.o(.data) for zero_x
    main.o(i.ANGLES_CALC) refers to main.o(.bss) for calib_const
    main.o(i.BATT_CHECK) refers to main.o(i.POWER_LOW) for POWER_LOW
    main.o(i.BATT_CHECK) refers to main.o(i.DRAW_BATTERY_WIDGET) for DRAW_BATTERY_WIDGET
    main.o(i.BATT_CHECK) refers to main.o(.data) for current
    main.o(i.CALIBRATION) refers to main.o(i.DRAW_RECT) for DRAW_RECT
    main.o(i.CALIBRATION) refers to main.o(i.DRAW_IMAGE) for DRAW_IMAGE
    main.o(i.CALIBRATION) refers to main.o(i.DELAY) for DELAY
    main.o(i.CALIBRATION) refers to main.o(i.RECEIVING_n_FILTERING_DATA) for RECEIVING_n_FILTERING_DATA
    main.o(i.CALIBRATION) refers to faddsub_clz.o(x$fpl$fsub) for __aeabi_fsub
    main.o(i.CALIBRATION) refers to main.o(i.FLASH_UNLOCK) for FLASH_UNLOCK
    main.o(i.CALIBRATION) refers to main.o(i.FLASH_PAGE_ERASE) for FLASH_PAGE_ERASE
    main.o(i.CALIBRATION) refers to main.o(i.FLASH_WRITE_FLOAT) for FLASH_WRITE_FLOAT
    main.o(i.CALIBRATION) refers to main.o(i.FLASH_LOCK) for FLASH_LOCK
    main.o(i.CALIBRATION) refers to main.o(.data) for Nx
    main.o(i.CALIBRATION) refers to main.o(.constdata) for calibration_sign
    main.o(i.CHANGE_THEME) refers to main.o(.constdata) for .constdata
    main.o(i.CHANGE_THEME) refers to main.o(.data) for current
    main.o(i.DIGITS_ON_DISP) refers to fmul.o(x$fpl$fmul) for __aeabi_fmul
    main.o(i.DIGITS_ON_DISP) refers to ffix.o(x$fpl$ffix) for __aeabi_f2iz
    main.o(i.DIGITS_ON_DISP) refers to main.o(i.SEND_DIGITS_ON_DISP) for SEND_DIGITS_ON_DISP
    main.o(i.DIGITS_ON_DISP) refers to main.o(i.DRAW_IMAGE) for DRAW_IMAGE
    main.o(i.DIGITS_ON_DISP) refers to fleqf.o(x$fpl$fleqf) for __aeabi_cfcmple
    main.o(i.DIGITS_ON_DISP) refers to main.o(.data) for current
    main.o(i.DIGITS_ON_DISP) refers to main.o(.constdata) for y_axis
    main.o(i.DISP_REFRESH) refers to main.o(i.DRAW_RECT) for DRAW_RECT
    main.o(i.DISP_REFRESH) refers to main.o(.data) for current
    main.o(i.DRAW_AREA) refers to main.o(i.SS7735_SEND_COM) for SS7735_SEND_COM
    main.o(i.DRAW_AREA) refers to main.o(i.SS7735_SEND_DAT) for SS7735_SEND_DAT
    main.o(i.DRAW_BATTERY_WIDGET) refers to dflt_clz.o(x$fpl$dfltu) for __aeabi_ui2d
    main.o(i.DRAW_BATTERY_WIDGET) refers to ddiv.o(x$fpl$ddiv) for __aeabi_ddiv
    main.o(i.DRAW_BATTERY_WIDGET) refers to daddsub_clz.o(x$fpl$dsub) for __aeabi_dsub
    main.o(i.DRAW_BATTERY_WIDGET) refers to dfixu.o(x$fpl$dfixu) for __aeabi_d2uiz
    main.o(i.DRAW_BATTERY_WIDGET) refers to main.o(i.DRAW_IMAGE) for DRAW_IMAGE
    main.o(i.DRAW_BATTERY_WIDGET) refers to main.o(i.DRAW_RECT) for DRAW_RECT
    main.o(i.DRAW_BATTERY_WIDGET) refers to main.o(.constdata) for battery
    main.o(i.DRAW_COLOR) refers to main.o(i.SS7735_SEND_DAT) for SS7735_SEND_DAT
    main.o(i.DRAW_GRAPH_LVL) refers to main.o(i.DRAW_AREA) for DRAW_AREA
    main.o(i.DRAW_GRAPH_LVL) refers to atan2.o(i.atan2) for atan2
    main.o(i.DRAW_GRAPH_LVL) refers to dmul.o(x$fpl$dmul) for __aeabi_dmul
    main.o(i.DRAW_GRAPH_LVL) refers to daddsub_clz.o(x$fpl$dadd) for __aeabi_dadd
    main.o(i.DRAW_GRAPH_LVL) refers to sqrt.o(i.sqrt) for sqrt
    main.o(i.DRAW_GRAPH_LVL) refers to dflt_clz.o(x$fpl$dflt) for __aeabi_i2d
    main.o(i.DRAW_GRAPH_LVL) refers to dleqf.o(x$fpl$dleqf) for __aeabi_cdcmple
    main.o(i.DRAW_GRAPH_LVL) refers to cos.o(i.cos) for cos
[...]
    libshutdown.o(.ARM.Collect$$libshutdown$$00000000) refers (Special) to libshutdown2.o(.ARM.Collect$$libshutdown$$00000010) for __rt_lib_shutdown_return
    libshutdown.o(.ARM.Collect$$libshutdown$$00000000) refers (Special) to libshutdown2.o(.ARM.Collect$$libshutdown$$0000000A) for __rt_lib_shutdown_signal_1
    libshutdown.o(.ARM.Collect$$libshutdown$$00000000) refers (Special) to libshutdown2.o(.ARM.Collect$$libshutdown$$00000004) for __rt_lib_shutdown_stdio_1
    libshutdown.o(.ARM.Collect$$libshutdown$$00000000) refers (Special) to libshutdown2.o(.ARM.Collect$$libshutdown$$0000000C) for __rt_lib_shutdown_user_alloc_1
    sys_command.o(.text) refers (Special) to use_no_semi.o(.text) for __I$use$semihosting
    sys_command.o(.text) refers (Special) to indicate_semi.o(.text) for __semihosting_library_function
    defsig_rtmem_outer.o(.text) refers to defsig_rtmem_inner.o(.text) for __rt_SIGRTMEM_inner
    defsig_rtmem_outer.o(.text) refers to defsig_exit.o(.text) for __sig_exit
    defsig_rtmem_formal.o(.text) refers to rt_raise.o(.text) for __rt_raise
    rt_raise.o(.text) refers to __raise.o(.text) for __raise
    rt_raise.o(.text) refers to sys_exit.o(.text) for _sys_exit
    defsig_exit.o(.text) refers to sys_exit.o(.text) for _sys_exit
    defsig_rtmem_inner.o(.text) refers to defsig_general.o(.text) for __default_signal_display
    __raise.o(.text) refers to defsig.o(CL$$defsig) for __default_signal_handler
    defsig_general.o(.text) refers to sys_wrch.o(.text) for _ttywrch
    sys_wrch.o(.text) refers (Special) to use_no_semi.o(.text) for __I$use$semihosting
    sys_wrch.o(.text) refers (Special) to indicate_semi.o(.text) for __semihosting_library_function
    defsig.o(CL$$defsig) refers to defsig_rtmem_inner.o(.text) for __rt_SIGRTMEM_inner
    defsig_abrt_inner.o(.text) refers to defsig_general.o(.text) for __default_signal_display
    defsig_fpe_inner.o(.text) refers to defsig_general.o(.text) for __default_signal_display
    defsig_rtred_inner.o(.text) refers to defsig_general.o(.text) for __default_signal_display
    defsig_stak_inner.o(.text) refers to defsig_general.o(.text) for __default_signal_display
    defsig_pvfn_inner.o(.text) refers to defsig_general.o(.text) for __default_signal_display
    defsig_cppl_inner.o(.text) refers to defsig_general.o(.text) for __default_signal_display
    defsig_segv_inner.o(.text) refers to defsig_general.o(.text) for __default_signal_display
    defsig_other.o(.text) refers to defsig_general.o(.text) for __default_signal_display


==============================================================================

Removing Unused input sections from the image.

    Removing main.o(i.CHANGE_THEME), (56 bytes).
    Removing main.o(i.CUSTOM_FILTER), (2 bytes).
    Removing main.o(i.ORIENTATION), (48 bytes).
    Removing system_stm32f10x.o(i.SystemCoreClockUpdate), (164 bytes).
    Removing system_stm32f10x.o(.data), (20 bytes).

5 unused section(s) (total 290 bytes) removed from the image.

==============================================================================

Image Symbol Table

    Local Symbols

    Symbol Name                              Value     Ov Type        Size  Object(Section)

    ../clib/angel/boardlib.s                 0x00000000   Number         0  boardinit2.o ABSOLUTE
    ../clib/angel/boardlib.s                 0x00000000   Number         0  boardinit3.o ABSOLUTE
    ../clib/angel/boardlib.s                 0x00000000   Number         0  boardshut.o ABSOLUTE
    ../clib/angel/boardlib.s                 0x00000000   Number         0  boardinit1.o ABSOLUTE
    ../clib/angel/dczerorl2.s                0x00000000   Number         0  __dczerorl2.o ABSOLUTE
    ../clib/angel/handlers.s                 0x00000000   Number         0  __scatter_zi.o ABSOLUTE
    ../clib/angel/kernel.s                   0x00000000   Number         0  __rtentry.o ABSOLUTE
    ../clib/angel/kernel.s                   0x00000000   Number         0  __rtentry2.o ABSOLUTE
    ../clib/angel/kernel.s                   0x00000000   Number         0  __rtentry4.o ABSOLUTE
    ../clib/angel/kernel.s                   0x00000000   Number         0  rtexit.o ABSOLUTE
    ../clib/angel/kernel.s                   0x00000000   Number         0  rtexit2.o ABSOLUTE
    ../clib/angel/rt.s                       0x00000000   Number         0  rt_errno_addr.o ABSOLUTE
    ../clib/angel/rt.s                       0x00000000   Number         0  rt_errno_addr_intlibspace.o ABSOLUTE
    ../clib/angel/rt.s                       0x00000000   Number         0  rt_raise.o ABSOLUTE
    ../clib/angel/scatter.s                  0x00000000   Number         0  __scatter.o ABSOLUTE
    ../clib/angel/startup.s                  0x00000000   Number         0  __main.o ABSOLUTE
    ../clib/angel/sys.s                      0x00000000   Number         0  sys_stackheap_outer.o ABSOLUTE
    ../clib/angel/sys.s                      0x00000000   Number         0  indicate_semi.o ABSOLUTE
    ../clib/angel/sys.s                      0x00000000   Number         0  libspace.o ABSOLUTE
    ../clib/angel/sys.s                      0x00000000   Number         0  use_no_semi.o ABSOLUTE
    ../clib/angel/sysapp.c                   0x00000000   Number         0  sys_exit.o ABSOLUTE
    ../clib/angel/sysapp.c                   0x00000000   Number         0  sys_command.o ABSOLUTE
    ../clib/angel/sysapp.c                   0x00000000   Number         0  sys_wrch.o ABSOLUTE
    ../clib/armsys.c                         0x00000000   Number         0  _get_argv_nomalloc.o ABSOLUTE
    ../clib/armsys.c                         0x00000000   Number         0  argv_veneer.o ABSOLUTE
    ../clib/armsys.c                         0x00000000   Number         0  no_argv.o ABSOLUTE
    ../clib/armsys.c                         0x00000000   Number         0  argv_veneer.o ABSOLUTE
    ../clib/fenv.c                           0x00000000   Number         0  _rserrno.o ABSOLUTE
    ../clib/heapalloc.c                      0x00000000   Number         0  hrguard.o ABSOLUTE
    ../clib/heapaux.c                        0x00000000   Number         0  heapauxi.o ABSOLUTE
    ../clib/libinit.s                        0x00000000   Number         0  libshutdown.o ABSOLUTE
    ../clib/libinit.s                        0x00000000   Number         0  libshutdown2.o ABSOLUTE
    ../clib/libinit.s                        0x00000000   Number         0  libinit.o ABSOLUTE
    ../clib/libinit.s                        0x00000000   Number         0  libinit2.o ABSOLUTE
    ../clib/signal.c                         0x00000000   Number         0  __raise.o ABSOLUTE
    ../clib/signal.c                         0x00000000   Number         0  defsig_rtmem_inner.o ABSOLUTE
    ../clib/signal.c                         0x00000000   Number         0  defsig_exit.o ABSOLUTE
    ../clib/signal.c                         0x00000000   Number         0  defsig_rtmem_formal.o ABSOLUTE
    ../clib/signal.c                         0x00000000   Number         0  defsig_rtmem_outer.o ABSOLUTE
    ../clib/signal.c                         0x00000000   Number         0  defsig_segv_inner.o ABSOLUTE
    ../clib/signal.c                         0x00000000   Number         0  defsig_other.o ABSOLUTE
    ../clib/signal.c                         0x00000000   Number         0  defsig_cppl_inner.o ABSOLUTE
    ../clib/signal.c                         0x00000000   Number         0  defsig_pvfn_inner.o ABSOLUTE
    ../clib/signal.c                         0x00000000   Number         0  defsig_stak_inner.o ABSOLUTE
    ../clib/signal.c                         0x00000000   Number         0  defsig_rtred_inner.o ABSOLUTE
    ../clib/signal.c                         0x00000000   Number         0  defsig_fpe_inner.o ABSOLUTE
    ../clib/signal.c                         0x00000000   Number         0  defsig_abrt_inner.o ABSOLUTE
    ../clib/signal.c                         0x00000000   Number         0  defsig_general.o ABSOLUTE
    ../clib/signal.s                         0x00000000   Number         0  defsig.o ABSOLUTE
    ../clib/stdlib.c                         0x00000000   Number         0  exit.o ABSOLUTE
    ../fplib/d2f.s                           0x00000000   Number         0  d2f.o ABSOLUTE
    ../fplib/daddsub.s                       0x00000000   Number         0  daddsub_clz.o ABSOLUTE
    ../fplib/dcheck1.s                       0x00000000   Number         0  dcheck1.o ABSOLUTE
    ../fplib/dcmpi.s                         0x00000000   Number         0  dcmpi.o ABSOLUTE
    ../fplib/ddiv.s                          0x00000000   Number         0  ddiv.o ABSOLUTE
    ../fplib/dfix.s                          0x00000000   Number         0  dfix.o ABSOLUTE
    ../fplib/dfixu.s                         0x00000000   Number         0  dfixu.o ABSOLUTE
    ../fplib/dflt.s                          0x00000000   Number         0  dflt_clz.o ABSOLUTE
    ../fplib/dleqf.s                         0x00000000   Number         0  dleqf.o ABSOLUTE
    ../fplib/dmul.s                          0x00000000   Number         0  dmul.o ABSOLUTE
    ../fplib/dnaninf.s                       0x00000000   Number         0  dnaninf.o ABSOLUTE
    ../fplib/dretinf.s                       0x00000000   Number         0  dretinf.o ABSOLUTE
    ../fplib/dsqrt.s                         0x00000000   Number         0  dsqrt_noumaal.o ABSOLUTE
    ../fplib/f2d.s                           0x00000000   Number         0  f2d.o ABSOLUTE
    ../fplib/faddsub.s                       0x00000000   Number         0  faddsub_clz.o ABSOLUTE
    ../fplib/fcmpi.s                         0x00000000   Number         0  fcmpi.o ABSOLUTE
    ../fplib/fdiv.s                          0x00000000   Number         0  fdiv.o ABSOLUTE
    ../fplib/ffix.s                          0x00000000   Number         0  ffix.o ABSOLUTE
    ../fplib/fflt.s                          0x00000000   Number         0  fflt_clz.o ABSOLUTE
    ../fplib/fleqf.s                         0x00000000   Number         0  fleqf.o ABSOLUTE
    ../fplib/fmul.s                          0x00000000   Number         0  fmul.o ABSOLUTE
    ../fplib/fnaninf.s                       0x00000000   Number         0  fnaninf.o ABSOLUTE
    ../fplib/fpinit.s                        0x00000000   Number         0  fpinit.o ABSOLUTE
    ../fplib/fretinf.s                       0x00000000   Number         0  fretinf.o ABSOLUTE
    ../fplib/frleqf.s                        0x00000000   Number         0  frleqf.o ABSOLUTE
    ../fplib/retnan.s                        0x00000000   Number         0  retnan.o ABSOLUTE
    ../fplib/scalbn.s                        0x00000000   Number         0  scalbn.o ABSOLUTE
    ../fplib/trapv.s                         0x00000000   Number         0  trapv.o ABSOLUTE
    ../fplib/usenofp.s                       0x00000000   Number         0  usenofp.o ABSOLUTE
    ../mathlib/atan.c                        0x00000000   Number         0  atan_x.o ABSOLUTE
    ../mathlib/atan.c                        0x00000000   Number         0  atan.o ABSOLUTE
    ../mathlib/atan2.c                       0x00000000   Number         0  atan2_x.o ABSOLUTE
    ../mathlib/atan2.c                       0x00000000   Number         0  atan2.o ABSOLUTE
    ../mathlib/cos.c                         0x00000000   Number         0  cos.o ABSOLUTE
    ../mathlib/cos.c                         0x00000000   Number         0  cos_x.o ABSOLUTE
    ../mathlib/cos_i.c                       0x00000000   Number         0  cos_i.o ABSOLUTE
    ../mathlib/dunder.c                      0x00000000   Number         0  dunder.o ABSOLUTE
    ../mathlib/fpclassify.c                  0x00000000   Number         0  fpclassify.o ABSOLUTE
    ../mathlib/poly.c                        0x00000000   Number         0  poly.o ABSOLUTE
    ../mathlib/qnan.c                        0x00000000   Number         0  qnan.o ABSOLUTE
    ../mathlib/rred.c                        0x00000000   Number         0  rred.o ABSOLUTE
    ../mathlib/sin.c                         0x00000000   Number         0  sin.o ABSOLUTE
    ../mathlib/sin.c                         0x00000000   Number         0  sin_x.o ABSOLUTE
    ../mathlib/sin_i.c                       0x00000000   Number         0  sin_i_x.o ABSOLUTE
    ../mathlib/sin_i.c                       0x00000000   Number         0  sin_i.o ABSOLUTE
    ../mathlib/sqrt.c                        0x00000000   Number         0  sqrt_x.o ABSOLUTE
    ../mathlib/sqrt.c                        0x00000000   Number         0  sqrt.o ABSOLUTE
    ../mathlib/tan.c                         0x00000000   Number         0  tan.o ABSOLUTE
    ../mathlib/tan.c                         0x00000000   Number         0  tan_x.o ABSOLUTE
    ../mathlib/tan_i.c                       0x00000000   Number         0  tan_i.o ABSOLUTE
    ../mathlib/tan_i.c                       0x00000000   Number         0  tan_i_x.o ABSOLUTE
    CMSIS\startup_stm32f10x_xl.s             0x00000000   Number         0  startup_stm32f10x_xl.o ABSOLUTE
    CMSIS\system_stm32f10x.c                 0x00000000   Number         0  system_stm32f10x.o ABSOLUTE
    User\main.c                              0x00000000   Number         0  main.o ABSOLUTE
    dc.s                                     0x00000000   Number         0  dc.o ABSOLUTE
    RESET                                    0x08000000   Section      304  startup_stm32f10x_xl.o(RESET)
    !!!main                                  0x08000130   Section        8  __main.o(!!!main)
    !!!scatter                               0x08000138   Section       52  __scatter.o(!!!scatter)
    !!dczerorl2                              0x0800016c   Section       90  __dczerorl2.o(!!dczerorl2)
    !!handler_zi                             0x080001c8   Section       28  __scatter_zi.o(!!handler_zi)
    .ARM.Collect$$libinit$$00000000          0x080001e4   Section        2  libinit.o(.ARM.Collect$$libinit$$00000000)
    .ARM.Collect$$libinit$$00000002          0x080001e6   Section        0  libinit2.o(.ARM.Collect$$libinit$$00000002)
    .ARM.Collect$$libinit$$00000004          0x080001e6   Section        0  libinit2.o(.ARM.Collect$$libinit$$00000004)
    .ARM.Collect$$libinit$$0000000A          0x080001e6   Section        0  libinit2.o(.ARM.Collect$$libinit$$0000000A)
    .ARM.Collect$$libinit$$0000000C          0x080001e6   Section        0  libinit2.o(.ARM.Collect$$libinit$$0000000C)
    .ARM.Collect$$libinit$$0000000E          0x080001e6   Section        0  libinit2.o(.ARM.Collect$$libinit$$0000000E)
    .ARM.Collect$$libinit$$00000011          0x080001e6   Section        0  libinit2.o(.ARM.Collect$$libinit$$00000011)
    .ARM.Collect$$libinit$$00000013          0x080001e6   Section        0  libinit2.o(.ARM.Collect$$libinit$$00000013)
    .ARM.Collect$$libinit$$00000015          0x080001e6   Section        0  libinit2.o(.ARM.Collect$$libinit$$00000015)
    .ARM.Collect$$libinit$$00000017          0x080001e6   Section        0  libinit2.o(.ARM.Collect$$libinit$$00000017)
    .ARM.Collect$$libinit$$00000019          0x080001e6   Section        0  libinit2.o(.ARM.Collect$$libinit$$00000019)
    .ARM.Collect$$libinit$$0000001B          0x080001e6   Section        0  libinit2.o(.ARM.Collect$$libinit$$0000001B)
    .ARM.Collect$$libinit$$0000001D          0x080001e6   Section        0  libinit2.o(.ARM.Collect$$libinit$$0000001D)
    .ARM.Collect$$libinit$$0000001F          0x080001e6   Section        0  libinit2.o(.ARM.Collect$$libinit$$0000001F)
    .ARM.Collect$$libinit$$00000021          0x080001e6   Section        0  libinit2.o(.ARM.Collect$$libinit$$00000021)
    .ARM.Collect$$libinit$$00000023          0x080001e6   Section        0  libinit2.o(.ARM.Collect$$libinit$$00000023)
    .ARM.Collect$$libinit$$00000025          0x080001e6   Section        0  libinit2.o(.ARM.Collect$$libinit$$00000025)
    .ARM.Collect$$libinit$$0000002C          0x080001e6   Section        0  libinit2.o(.ARM.Collect$$libinit$$0000002C)
    .ARM.Collect$$libinit$$0000002E          0x080001e6   Section        0  libinit2.o(.ARM.Collect$$libinit$$0000002E)
    .ARM.Collect$$libinit$$00000030          0x080001e6   Section        0  libinit2.o(.ARM.Collect$$libinit$$00000030)
    .ARM.Collect$$libinit$$00000032          0x080001e6   Section        0  libinit2.o(.ARM.Collect$$libinit$$00000032)
    .ARM.Collect$$libinit$$00000033          0x080001e6   Section        2  libinit2.o(.ARM.Collect$$libinit$$00000033)
    .ARM.Collect$$libshutdown$$00000000      0x080001e8   Section        2  libshutdown.o(.ARM.Collect$$libshutdown$$00000000)
    .ARM.Collect$$libshutdown$$00000002      0x080001ea   Section        0  libshutdown2.o(.ARM.Collect$$libshutdown$$00000002)
    .ARM.Collect$$libshutdown$$00000004      0x080001ea   Section        0  libshutdown2.o(.ARM.Collect$$libshutdown$$00000004)
    .ARM.Collect$$libshutdown$$00000007      0x080001ea   Section        0  libshutdown2.o(.ARM.Collect$$libshutdown$$00000007)
    .ARM.Collect$$libshutdown$$0000000A      0x080001ea   Section        0  libshutdown2.o(.ARM.Collect$$libshutdown$$0000000A)
    .ARM.Collect$$libshutdown$$0000000C      0x080001ea   Section        0  libshutdown2.o(.ARM.Collect$$libshutdown$$0000000C)
    .ARM.Collect$$libshutdown$$0000000F      0x080001ea   Section        0  libshutdown2.o(.ARM.Collect$$libshutdown$$0000000F)
    .ARM.Collect$$libshutdown$$00000010      0x080001ea   Section        2  libshutdown2.o(.ARM.Collect$$libshutdown$$00000010)
    .ARM.Collect$$rtentry$$00000000          0x080001ec   Section        0  __rtentry.o(.ARM.Collect$$rtentry$$00000000)
    .ARM.Collect$$rtentry$$00000002          0x080001ec   Section        0  __rtentry2.o(.ARM.Collect$$rtentry$$00000002)
    .ARM.Collect$$rtentry$$00000004          0x080001ec   Section        6  __rtentry4.o(.ARM.Collect$$rtentry$$00000004)
    .ARM.Collect$$rtentry$$00000009          0x080001f2   Section        0  __rtentry2.o(.ARM.Collect$$rtentry$$00000009)
    .ARM.Collect$$rtentry$$0000000A          0x080001f2   Section        4  __rtentry2.o(.ARM.Collect$$rtentry$$0000000A)
    .ARM.Collect$$rtentry$$0000000C          0x080001f6   Section        0  __rtentry2.o(.ARM.Collect$$rtentry$$0000000C)
    .ARM.Collect$$rtentry$$0000000D          0x080001f6   Section        8  __rtentry2.o(.ARM.Collect$$rtentry$$0000000D)
    .ARM.Collect$$rtexit$$00000000           0x080001fe   Section        2  rtexit.o(.ARM.Collect$$rtexit$$00000000)
    .ARM.Collect$$rtexit$$00000002           0x08000200   Section        0  rtexit2.o(.ARM.Collect$$rtexit$$00000002)
    .ARM.Collect$$rtexit$$00000003           0x08000200   Section        4  rtexit2.o(.ARM.Collect$$rtexit$$00000003)
    .ARM.Collect$$rtexit$$00000004           0x08000204   Section        6  rtexit2.o(.ARM.Collect$$rtexit$$00000004)
    .text                                    0x0800020c   Section       64  startup_stm32f10x_xl.o(.text)
    .text                                    0x0800024c   Section        0  heapauxi.o(.text)
    .text                                    0x08000252   Section        0  _rserrno.o(.text)
    .text                                    0x08000268   Section        8  rt_errno_addr_intlibspace.o(.text)
    .text                                    0x08000270   Section        8  libspace.o(.text)
    .text                                    0x08000278   Section       74  sys_stackheap_outer.o(.text)
    .text                                    0x080002c2   Section        0  exit.o(.text)
    .text                                    0x080002d4   Section        0  sys_exit.o(.text)
    .text                                    0x080002e0   Section        2  use_no_semi.o(.text)
    .text                                    0x080002e2   Section        0  indicate_semi.o(.text)
    i.ADC_INIT                               0x080002e4   Section        0  main.o(i.ADC_INIT)
    i.ADXL345_INIT                           0x08000380   Section        0  main.o(i.ADXL345_INIT)
    i.ADXL345_SPI_INIT                       0x080003a0   Section        0  main.o(i.ADXL345_SPI_INIT)
    i.ADXL345_SPI_RECEIVE_16BIT              0x0800043c   Section        0  main.o(i.ADXL345_SPI_RECEIVE_16BIT)
    i.ADXL345_SPI_SEND                       0x080004dc   Section        0  main.o(i.ADXL345_SPI_SEND)
    i.ANGLES                                 0x0800054c   Section        0  main.o(i.ANGLES)
    i.ANGLES_CALC                            0x080005f8   Section        0  main.o(i.ANGLES_CALC)
    i.BATT_CHECK                             0x08000a7c   Section        0  main.o(i.BATT_CHECK)
    i.CALIBRATION                            0x08000abc   Section        0  main.o(i.CALIBRATION)
    i.CLK_INIT                               0x08000ed4   Section        0  main.o(i.CLK_INIT)
    i.DELAY                                  0x08000f20   Section        0  main.o(i.DELAY)
    i.DIGITS_ON_DISP                         0x08000f2c   Section        0  main.o(i.DIGITS_ON_DISP)
    i.DISP_REFRESH                           0x08001044   Section        0  main.o(i.DISP_REFRESH)
    i.DRAW_AREA                              0x08001070   Section        0  main.o(i.DRAW_AREA)
    i.DRAW_BATTERY_WIDGET                    0x080010e4   Section        0  main.o(i.DRAW_BATTERY_WIDGET)
    i.DRAW_COLOR                             0x08001338   Section        0  main.o(i.DRAW_COLOR)
    i.DRAW_GRAPH_LVL                         0x0800135c   Section        0  main.o(i.DRAW_GRAPH_LVL)
    i.DRAW_IMAGE                             0x08001544   Section        0  main.o(i.DRAW_IMAGE)
    i.DRAW_RECT                              0x080015e4   Section        0  main.o(i.DRAW_RECT)
    i.EXTI9_5_IRQHandler                     0x0800163c   Section        0  main.o(i.EXTI9_5_IRQHandler)
    i.EXTI_CONFIG                            0x08001794   Section        0  main.o(i.EXTI_CONFIG)
    i.FLASH_LOCK                             0x080017e8   Section        0  main.o(i.FLASH_LOCK)
    i.FLASH_PAGE_ERASE                       0x08001804   Section        0  main.o(i.FLASH_PAGE_ERASE)
    i.FLASH_RECEIVE                          0x0800183c   Section        0  main.o(i.FLASH_RECEIVE)
    i.FLASH_UNLOCK                           0x08001844   Section        0  main.o(i.FLASH_UNLOCK)
    i.FLASH_WRITE                            0x08001870   Section        0  main.o(i.FLASH_WRITE)
    i.FLASH_WRITE_FLOAT                      0x080018a0   Section        0  main.o(i.FLASH_WRITE_FLOAT)
    i.KEY_INIT                               0x080018bc   Section        0  main.o(i.KEY_INIT)
    i.LOAD_CALIB_CONST                       0x08001960   Section        0  main.o(i.LOAD_CALIB_CONST)
    i.POWER_LOW                              0x08001988   Section        0  main.o(i.POWER_LOW)
    i.POWER_OFF                              0x080019e8   Section        0  main.o(i.POWER_OFF)
    i.RECEIVING_n_FILTERING_DATA             0x08001a34   Section        0  main.o(i.RECEIVING_n_FILTERING_DATA)
    i.SEND_DIGITS_ON_DISP                    0x08001a98   Section        0  main.o(i.SEND_DIGITS_ON_DISP)
    i.SIMPLE_KALMAN                          0x08001c00   Section        0  main.o(i.SIMPLE_KALMAN)
    i.SLOPES                                 0x08001ce0   Section        0  main.o(i.SLOPES)
    i.SS7735_INIT                            0x08001e08   Section        0  main.o(i.SS7735_INIT)
    i.SS7735_SEND_COM                        0x08001f24   Section        0  main.o(i.SS7735_SEND_COM)
    i.SS7735_SEND_DAT                        0x08001f60   Section        0  main.o(i.SS7735_SEND_DAT)
    i.SS7735_SPI_INIT                        0x08001f9c   Section        0  main.o(i.SS7735_SPI_INIT)
    i.SetSysClock                            0x0800202c   Section        0  system_stm32f10x.o(i.SetSysClock)
    SetSysClock                              0x0800202d   Thumb Code     8  system_stm32f10x.o(i.SetSysClock)
    i.SetSysClockTo72                        0x08002034   Section        0  system_stm32f10x.o(i.SetSysClockTo72)
    SetSysClockTo72                          0x08002035   Thumb Code   214  system_stm32f10x.o(i.SetSysClockTo72)
    i.SystemInit                             0x08002114   Section        0  system_stm32f10x.o(i.SystemInit)
    i.WAIT                                   0x08002174   Section        0  main.o(i.WAIT)
    i.__ARM_fpclassify                       0x08002184   Section        0  fpclassify.o(i.__ARM_fpclassify)
    i.__ieee754_rem_pio2                     0x080021ac   Section        0  rred.o(i.__ieee754_rem_pio2)
    i.__kernel_cos                           0x08002534   Section        0  cos_i.o(i.__kernel_cos)
    i.__kernel_poly                          0x08002630   Section        0  poly.o(i.__kernel_poly)
    i.__kernel_sin                           0x080026dc   Section        0  sin_i.o(i.__kernel_sin)
    i.__kernel_tan                           0x080027c8   Section        0  tan_i.o(i.__kernel_tan)
    i.__mathlib_dbl_infnan                   0x08002a44   Section        0  dunder.o(i.__mathlib_dbl_infnan)
    i.__mathlib_dbl_infnan2                  0x08002a4a   Section        0  dunder.o(i.__mathlib_dbl_infnan2)
    i.__mathlib_dbl_invalid                  0x08002a4e   Section        0  dunder.o(i.__mathlib_dbl_invalid)
    i.__mathlib_dbl_underflow                0x08002a5c   Section        0  dunder.o(i.__mathlib_dbl_underflow)
    i.atan                                   0x08002a6c   Section        0  atan.o(i.atan)
    i.atan2                                  0x08002c8c   Section        0  atan2.o(i.atan2)
    i.cos                                    0x08002e0c   Section        0  cos.o(i.cos)
    i.main                                   0x08002ea8   Section        0  main.o(i.main)
    i.sin                                    0x08002f6c   Section        0  sin.o(i.sin)
    i.sqrt                                   0x0800300c   Section        0  sqrt.o(i.sqrt)
    i.tan                                    0x08003058   Section        0  tan.o(i.tan)
    x$fpl$d2f                                0x080030bc   Section       98  d2f.o(x$fpl$d2f)
    x$fpl$dadd                               0x08003120   Section      336  daddsub_clz.o(x$fpl$dadd)
    _dadd1                                   0x08003131   Thumb Code     0  daddsub_clz.o(x$fpl$dadd)
    x$fpl$dcheck1                            0x08003270   Section       16  dcheck1.o(x$fpl$dcheck1)
    x$fpl$dcmpinf                            0x08003280   Section       24  dcmpi.o(x$fpl$dcmpinf)
    x$fpl$ddiv                               0x08003298   Section      688  ddiv.o(x$fpl$ddiv)
    ddiv_entry                               0x0800329f   Thumb Code     0  ddiv.o(x$fpl$ddiv)
    x$fpl$dfix                               0x08003548   Section       94  dfix.o(x$fpl$dfix)
    x$fpl$dfixu                              0x080035a8   Section       90  dfixu.o(x$fpl$dfixu)
    x$fpl$dflt                               0x08003602   Section       46  dflt_clz.o(x$fpl$dflt)
    x$fpl$dfltu                              0x08003630   Section       38  dflt_clz.o(x$fpl$dfltu)
    x$fpl$dleqf                              0x08003658   Section      120  dleqf.o(x$fpl$dleqf)
    x$fpl$dmul                               0x080036d0   Section      340  dmul.o(x$fpl$dmul)
    x$fpl$dnaninf                            0x08003824   Section      156  dnaninf.o(x$fpl$dnaninf)
    x$fpl$dretinf                            0x080038c0   Section       12  dretinf.o(x$fpl$dretinf)
    x$fpl$drsb                               0x080038cc   Section       22  daddsub_clz.o(x$fpl$drsb)
    x$fpl$dsqrt                              0x080038e4   Section      460  dsqrt_noumaal.o(x$fpl$dsqrt)
    x$fpl$dsub                               0x08003ab0   Section      468  daddsub_clz.o(x$fpl$dsub)
    _dsub1                                   0x08003ac1   Thumb Code     0  daddsub_clz.o(x$fpl$dsub)
    x$fpl$f2d                                0x08003c84   Section       86  f2d.o(x$fpl$f2d)
    x$fpl$fadd                               0x08003cdc   Section      196  faddsub_clz.o(x$fpl$fadd)
    _fadd1                                   0x08003ceb   Thumb Code     0  faddsub_clz.o(x$fpl$fadd)
    x$fpl$fcmpinf                            0x08003da0   Section       24  fcmpi.o(x$fpl$fcmpinf)
    x$fpl$fdiv                               0x08003db8   Section      388  fdiv.o(x$fpl$fdiv)
    _fdiv1                                   0x08003db9   Thumb Code     0  fdiv.o(x$fpl$fdiv)
    x$fpl$ffix                               0x08003f3c   Section       54  ffix.o(x$fpl$ffix)
    x$fpl$fflt                               0x08003f74   Section       48  fflt_clz.o(x$fpl$fflt)
    x$fpl$fleqf                              0x08003fa4   Section      104  fleqf.o(x$fpl$fleqf)
    x$fpl$fmul                               0x0800400c   Section      258  fmul.o(x$fpl$fmul)
    x$fpl$fnaninf                            0x0800410e   Section      140  fnaninf.o(x$fpl$fnaninf)
    x$fpl$fretinf                            0x0800419a   Section       10  fretinf.o(x$fpl$fretinf)
    x$fpl$frleqf                             0x080041a4   Section       98  frleqf.o(x$fpl$frleqf)
    x$fpl$fsub                               0x08004208   Section      234  faddsub_clz.o(x$fpl$fsub)
    _fsub1                                   0x08004217   Thumb Code     0  faddsub_clz.o(x$fpl$fsub)
    x$fpl$retnan                             0x080042f2   Section      100  retnan.o(x$fpl$retnan)
    x$fpl$scalbn                             0x08004356   Section       92  scalbn.o(x$fpl$scalbn)
    x$fpl$trapveneer                         0x080043b2   Section       48  trapv.o(x$fpl$trapveneer)
    x$fpl$usenofp                            0x080043e2   Section        0  usenofp.o(x$fpl$usenofp)
    .constdata                               0x080043e4   Section     3040  main.o(.constdata)
    .constdata                               0x08004fc8   Section      152  atan.o(.constdata)
    atanhi                                   0x08004fc8   Data          32  atan.o(.constdata)
    atanlo                                   0x08004fe8   Data          32  atan.o(.constdata)
    aTodd                                    0x08005008   Data          40  atan.o(.constdata)
    aTeven                                   0x08005030   Data          48  atan.o(.constdata)
    .constdata                               0x08005060   Section       48  cos_i.o(.constdata)
    C                                        0x08005060   Data          48  cos_i.o(.constdata)
    .constdata                               0x08005090   Section        8  qnan.o(.constdata)
    .constdata                               0x08005098   Section      200  rred.o(.constdata)
    pio2s                                    0x08005098   Data          48  rred.o(.constdata)
    twooverpi                                0x080050c8   Data         152  rred.o(.constdata)
    .constdata                               0x08005160   Section       40  sin_i.o(.constdata)
    S                                        0x08005160   Data          40  sin_i.o(.constdata)
    .constdata                               0x08005188   Section       96  tan_i.o(.constdata)
    Todd                                     0x08005188   Data          48  tan_i.o(.constdata)
    Teven                                    0x080051b8   Data          48  tan_i.o(.constdata)
    .data                                    0x20000000   Section     6180  main.o(.data)
    err_estimate                             0x20001818   Data          12  main.o(.data)
    .bss                                     0x20001824   Section       36  main.o(.bss)
    last_estimate                            0x2000183c   Data          12  main.o(.bss)
    .bss                                     0x20001848   Section       96  libspace.o(.bss)
    HEAP                                     0x200018a8   Section      512  startup_stm32f10x_xl.o(HEAP)
    Heap_Mem                                 0x200018a8   Data         512  startup_stm32f10x_xl.o(HEAP)
    STACK                                    0x20001aa8   Section     1024  startup_stm32f10x_xl.o(STACK)
    Stack_Mem                                0x20001aa8   Data        1024  startup_stm32f10x_xl.o(STACK)
    __initial_sp                             0x20001ea8   Data           0  startup_stm32f10x_xl.o(STACK)

    Global Symbols

    Symbol Name                              Value     Ov Type        Size  Object(Section)

    BuildAttributes$$THM_ISAv4$P$D$K$B$S$PE$A:L22UL41UL21$X:L11$S22US41US21$IEEE1$IW$USESV6$~STKCKD$USESV7$~SHL$OTIME$ROPI$IEEEX$EBA8$UX$STANDARDLIB$REQ8$PRES8$EABIv2 0x00000000   Number         0  anon$$obj.o ABSOLUTE
    __ARM_use_no_argv                        0x00000000   Number         0  main.o ABSOLUTE
    __ARM_exceptions_init                     - Undefined Weak Reference
    __alloca_initialize                       - Undefined Weak Reference
    __arm_preinit_                            - Undefined Weak Reference
    __cpp_initialize__aeabi_                  - Undefined Weak Reference
    __cxa_finalize                            - Undefined Weak Reference
    __rt_locale                               - Undefined Weak Reference
    __sigvec_lookup                           - Undefined Weak Reference
    _atexit_init                              - Undefined Weak Reference
    _call_atexit_fns                          - Undefined Weak Reference
    _clock_init                               - Undefined Weak Reference
    _fp_trap_init                             - Undefined Weak Reference
    _fp_trap_shutdown                         - Undefined Weak Reference
    _get_lc_collate                           - Undefined Weak Reference
    _get_lc_ctype                             - Undefined Weak Reference
    _get_lc_monetary                          - Undefined Weak Reference
    _get_lc_numeric                           - Undefined Weak Reference
    _get_lc_time                              - Undefined Weak Reference
    _getenv_init                              - Undefined Weak Reference
    _handle_redirection                       - Undefined Weak Reference
    _init_alloc                               - Undefined Weak Reference
    _init_user_alloc                          - Undefined Weak Reference
    _initio                                   - Undefined Weak Reference
    _rand_init                                - Undefined Weak Reference
    _signal_finish                            - Undefined Weak Reference
    _signal_init                              - Undefined Weak Reference
    _terminate_alloc                          - Undefined Weak Reference
    _terminate_user_alloc                     - Undefined Weak Reference
    _terminateio                              - Undefined Weak Reference
    __Vectors_Size                           0x00000130   Number         0  startup_stm32f10x_xl.o ABSOLUTE
    __Vectors                                0x08000000   Data           4  startup_stm32f10x_xl.o(RESET)
    __Vectors_End                            0x08000130   Data           0  startup_stm32f10x_xl.o(RESET)
    __main                                   0x08000131   Thumb Code     8  __main.o(!!!main)
    __scatterload                            0x08000139   Thumb Code     0  __scatter.o(!!!scatter)
    __scatterload_rt2                        0x08000139   Thumb Code    44  __scatter.o(!!!scatter)
    __scatterload_rt2_thumb_only             0x08000139   Thumb Code     0  __scatter.o(!!!scatter)
    __scatterload_null                       0x08000147   Thumb Code     0  __scatter.o(!!!scatter)
    __decompress                             0x0800016d   Thumb Code    90  __dczerorl2.o(!!dczerorl2)
    __decompress1                            0x0800016d   Thumb Code     0  __dczerorl2.o(!!dczerorl2)
    __scatterload_zeroinit                   0x080001c9   Thumb Code    28  __scatter_zi.o(!!handler_zi)
    __rt_lib_init                            0x080001e5   Thumb Code     0  libinit.o(.ARM.Collect$$libinit$$00000000)
    __rt_lib_init_alloca_1                   0x080001e7   Thumb Code     0  libinit2.o(.ARM.Collect$$libinit$$0000002E)
    __rt_lib_init_argv_1                     0x080001e7   Thumb Code     0  libinit2.o(.ARM.Collect$$libinit$$0000002C)
    __rt_lib_init_atexit_1                   0x080001e7   Thumb Code     0  libinit2.o(.ARM.Collect$$libinit$$0000001B)
    __rt_lib_init_clock_1                    0x080001e7   Thumb Code     0  libinit2.o(.ARM.Collect$$libinit$$00000021)
    __rt_lib_init_cpp_1                      0x080001e7   Thumb Code     0  libinit2.o(.ARM.Collect$$libinit$$00000032)
    __rt_lib_init_exceptions_1               0x080001e7   Thumb Code     0  libinit2.o(.ARM.Collect$$libinit$$00000030)
    __rt_lib_init_fp_1                       0x080001e7   Thumb Code     0  libinit2.o(.ARM.Collect$$libinit$$00000002)
    __rt_lib_init_fp_trap_1                  0x080001e7   Thumb Code     0  libinit2.o(.ARM.Collect$$libinit$$0000001F)
    __rt_lib_init_getenv_1                   0x080001e7   Thumb Code     0  libinit2.o(.ARM.Collect$$libinit$$00000023)
    __rt_lib_init_heap_1                     0x080001e7   Thumb Code     0  libinit2.o(.ARM.Collect$$libinit$$0000000A)
    __rt_lib_init_lc_collate_1               0x080001e7   Thumb Code     0  libinit2.o(.ARM.Collect$$libinit$$00000011)
    __rt_lib_init_lc_ctype_1                 0x080001e7   Thumb Code     0  libinit2.o(.ARM.Collect$$libinit$$00000013)
    __rt_lib_init_lc_monetary_1              0x080001e7   Thumb Code     0  libinit2.o(.ARM.Collect$$libinit$$00000015)
    __rt_lib_init_lc_numeric_1               0x080001e7   Thumb Code     0  libinit2.o(.ARM.Collect$$libinit$$00000017)
    __rt_lib_init_lc_time_1                  0x080001e7   Thumb Code     0  libinit2.o(.ARM.Collect$$libinit$$00000019)
    __rt_lib_init_preinit_1                  0x080001e7   Thumb Code     0  libinit2.o(.ARM.Collect$$libinit$$00000004)
    __rt_lib_init_rand_1                     0x080001e7   Thumb Code     0  libinit2.o(.ARM.Collect$$libinit$$0000000E)
    __rt_lib_init_return                     0x080001e7   Thumb Code     0  libinit2.o(.ARM.Collect$$libinit$$00000033)
    __rt_lib_init_signal_1                   0x080001e7   Thumb Code     0  libinit2.o(.ARM.Collect$$libinit$$0000001D)
    __rt_lib_init_stdio_1                    0x080001e7   Thumb Code     0  libinit2.o(.ARM.Collect$$libinit$$00000025)
    __rt_lib_init_user_alloc_1               0x080001e7   Thumb Code     0  libinit2.o(.ARM.Collect$$libinit$$0000000C)
    __rt_lib_shutdown                        0x080001e9   Thumb Code     0  libshutdown.o(.ARM.Collect$$libshutdown$$00000000)
    __rt_lib_shutdown_cpp_1                  0x080001eb   Thumb Code     0  libshutdown2.o(.ARM.Collect$$libshutdown$$00000002)
    __rt_lib_shutdown_fp_trap_1              0x080001eb   Thumb Code     0  libshutdown2.o(.ARM.Collect$$libshutdown$$00000007)
    __rt_lib_shutdown_heap_1                 0x080001eb   Thumb Code     0  libshutdown2.o(.ARM.Collect$$libshutdown$$0000000F)
    __rt_lib_shutdown_return                 0x080001eb   Thumb Code     0  libshutdown2.o(.ARM.Collect$$libshutdown$$00000010)
    __rt_lib_shutdown_signal_1               0x080001eb   Thumb Code     0  libshutdown2.o(.ARM.Collect$$libshutdown$$0000000A)
    __rt_lib_shutdown_stdio_1                0x080001eb   Thumb Code     0  libshutdown2.o(.ARM.Collect$$libshutdown$$00000004)
    __rt_lib_shutdown_user_alloc_1           0x080001eb   Thumb Code     0  libshutdown2.o(.ARM.Collect$$libshutdown$$0000000C)
    __rt_entry                               0x080001ed   Thumb Code     0  __rtentry.o(.ARM.Collect$$rtentry$$00000000)
    __rt_entry_presh_1                       0x080001ed   Thumb Code     0  __rtentry2.o(.ARM.Collect$$rtentry$$00000002)
    __rt_entry_sh                            0x080001ed   Thumb Code     0  __rtentry4.o(.ARM.Collect$$rtentry$$00000004)
    __rt_entry_li                            0x080001f3   Thumb Code     0  __rtentry2.o(.ARM.Collect$$rtentry$$0000000A)
    __rt_entry_postsh_1                      0x080001f3   Thumb Code     0  __rtentry2.o(.ARM.Collect$$rtentry$$00000009)
    __rt_entry_main                          0x080001f7   Thumb Code     0  __rtentry2.o(.ARM.Collect$$rtentry$$0000000D)
    __rt_entry_postli_1                      0x080001f7   Thumb Code     0  __rtentry2.o(.ARM.Collect$$rtentry$$0000000C)
    __rt_exit                                0x080001ff   Thumb Code     0  rtexit.o(.ARM.Collect$$rtexit$$00000000)
    __rt_exit_ls                             0x08000201   Thumb Code     0  rtexit2.o(.ARM.Collect$$rtexit$$00000003)
    __rt_exit_prels_1                        0x08000201   Thumb Code     0  rtexit2.o(.ARM.Collect$$rtexit$$00000002)
    __rt_exit_exit                           0x08000205   Thumb Code     0  rtexit2.o(.ARM.Collect$$rtexit$$00000004)
    Reset_Handler                            0x0800020d   Thumb Code     8  startup_stm32f10x_xl.o(.text)
    NMI_Handler                              0x08000215   Thumb Code     2  startup_stm32f10x_xl.o(.text)
    HardFault_Handler                        0x08000217   Thumb Code     2  startup_stm32f10x_xl.o(.text)
    MemManage_Handler                        0x08000219   Thumb Code     2  startup_stm32f10x_xl.o(.text)
    BusFault_Handler                         0x0800021b   Thumb Code     2  startup_stm32f10x_xl.o(.text)
    UsageFault_Handler                       0x0800021d   Thumb Code     2  startup_stm32f10x_xl.o(.text)
    SVC_Handler                              0x0800021f   Thumb Code     2  startup_stm32f10x_xl.o(.text)
    DebugMon_Handler                         0x08000221   Thumb Code     2  startup_stm32f10x_xl.o(.text)
    PendSV_Handler                           0x08000223   Thumb Code     2  startup_stm32f10x_xl.o(.text)
    SysTick_Handler                          0x08000225   Thumb Code     2  startup_stm32f10x_xl.o(.text)
    ADC1_2_IRQHandler                        0x08000227   Thumb Code     0  startup_stm32f10x_xl.o(.text)
    ADC3_IRQHandler                          0x08000227   Thumb Code     0  startup_stm32f10x_xl.o(.text)
    CAN1_RX1_IRQHandler                      0x08000227   Thumb Code     0  startup_stm32f10x_xl.o(.text)
    CAN1_SCE_IRQHandler                      0x08000227   Thumb Code     0  startup_stm32f10x_xl.o(.text)
    DMA1_Channel1_IRQHandler                 0x08000227   Thumb Code     0  startup_stm32f10x_xl.o(.text)
    DMA1_Channel2_IRQHandler                 0x08000227   Thumb Code     0  startup_stm32f10x_xl.o(.text)
    DMA1_Channel3_IRQHandler                 0x08000227   Thumb Code     0  startup_stm32f10x_xl.o(.text)
    DMA1_Channel4_IRQHandler                 0x08000227   Thumb Code     0  startup_stm32f10x_xl.o(.text)
    DMA1_Channel5_IRQHandler                 0x08000227   Thumb Code     0  startup_stm32f10x_xl.o(.text)
    DMA1_Channel6_IRQHandler                 0x08000227   Thumb Code     0  startup_stm32f10x_xl.o(.text)
    DMA1_Channel7_IRQHandler                 0x08000227   Thumb Code     0  startup_stm32f10x_xl.o(.text)
    DMA2_Channel1_IRQHandler                 0x08000227   Thumb Code     0  startup_stm32f10x_xl.o(.text)
    DMA2_Channel2_IRQHandler                 0x08000227   Thumb Code     0  startup_stm32f10x_xl.o(.text)
    DMA2_Channel3_IRQHandler                 0x08000227   Thumb Code     0  startup_stm32f10x_xl.o(.text)
    DMA2_Channel4_5_IRQHandler               0x08000227   Thumb Code     0  startup_stm32f10x_xl.o(.text)
    EXTI0_IRQHandler                         0x08000227   Thumb Code     0  startup_stm32f10x_xl.o(.text)
    EXTI15_10_IRQHandler                     0x08000227   Thumb Code     0  startup_stm32f10x_xl.o(.text)
    EXTI1_IRQHandler                         0x08000227   Thumb Code     0  startup_stm32f10x_xl.o(.text)
    EXTI2_IRQHandler                         0x08000227   Thumb Code     0  startup_stm32f10x_xl.o(.text)
    EXTI3_IRQHandler                         0x08000227   Thumb Code     0  startup_stm32f10x_xl.o(.text)
    EXTI4_IRQHandler                         0x08000227   Thumb Code     0  startup_stm32f10x_xl.o(.text)
    FLASH_IRQHandler                         0x08000227   Thumb Code     0  startup_stm32f10x_xl.o(.text)
    FSMC_IRQHandler                          0x08000227   Thumb Code     0  startup_stm32f10x_xl.o(.text)
    I2C1_ER_IRQHandler                       0x08000227   Thumb Code     0  startup_stm32f10x_xl.o(.text)
    I2C1_EV_IRQHandler                       0x08000227   Thumb Code     0  startup_stm32f10x_xl.o(.text)
    I2C2_ER_IRQHandler                       0x08000227   Thumb Code     0  startup_stm32f10x_xl.o(.text)
    I2C2_EV_IRQHandler                       0x08000227   Thumb Code     0  startup_stm32f10x_xl.o(.text)
    PVD_IRQHandler                           0x08000227   Thumb Code     0  startup_stm32f10x_xl.o(.text)
    RCC_IRQHandler                           0x08000227   Thumb Code     0  startup_stm32f10x_xl.o(.text)
    RTCAlarm_IRQHandler                      0x08000227   Thumb Code     0  startup_stm32f10x_xl.o(.text)
    RTC_IRQHandler                           0x08000227   Thumb Code     0  startup_stm32f10x_xl.o(.text)
    SDIO_IRQHandler                          0x08000227   Thumb Code     0  startup_stm32f10x_xl.o(.text)
    SPI1_IRQHandler                          0x08000227   Thumb Code     0  startup_stm32f10x_xl.o(.text)
    SPI2_IRQHandler                          0x08000227   Thumb Code     0  startup_stm32f10x_xl.o(.text)
    SPI3_IRQHandler                          0x08000227   Thumb Code     0  startup_stm32f10x_xl.o(.text)
    TAMPER_IRQHandler                        0x08000227   Thumb Code     0  startup_stm32f10x_xl.o(.text)
    TIM1_BRK_TIM9_IRQHandler                 0x08000227   Thumb Code     0  startup_stm32f10x_xl.o(.text)
    TIM1_CC_IRQHandler                       0x08000227   Thumb Code     0  startup_stm32f10x_xl.o(.text)
    TIM1_TRG_COM_TIM11_IRQHandler            0x08000227   Thumb Code     0  startup_stm32f10x_xl.o(.text)
    TIM1_UP_TIM10_IRQHandler                 0x08000227   Thumb Code     0  startup_stm32f10x_xl.o(.text)
    TIM2_IRQHandler                          0x08000227   Thumb Code     0  startup_stm32f10x_xl.o(.text)
    TIM3_IRQHandler                          0x08000227   Thumb Code     0  startup_stm32f10x_xl.o(.text)
    TIM4_IRQHandler                          0x08000227   Thumb Code     0  startup_stm32f10x_xl.o(.text)
    TIM5_IRQHandler                          0x08000227   Thumb Code     0  startup_stm32f10x_xl.o(.text)
    TIM6_IRQHandler                          0x08000227   Thumb Code     0  startup_stm32f10x_xl.o(.text)
    TIM7_IRQHandler                          0x08000227   Thumb Code     0  startup_stm32f10x_xl.o(.text)
    TIM8_BRK_TIM12_IRQHandler                0x08000227   Thumb Code     0  startup_stm32f10x_xl.o(.text)
    TIM8_CC_IRQHandler                       0x08000227   Thumb Code     0  startup_stm32f10x_xl.o(.text)
    TIM8_TRG_COM_TIM14_IRQHandler            0x08000227   Thumb Code     0  startup_stm32f10x_xl.o(.text)
    TIM8_UP_TIM13_IRQHandler                 0x08000227   Thumb Code     0  startup_stm32f10x_xl.o(.text)
    UART4_IRQHandler                         0x08000227   Thumb Code     0  startup_stm32f10x_xl.o(.text)
    UART5_IRQHandler                         0x08000227   Thumb Code     0  startup_stm32f10x_xl.o(.text)
    USART1_IRQHandler                        0x08000227   Thumb Code     0  startup_stm32f10x_xl.o(.text)
    USART2_IRQHandler                        0x08000227   Thumb Code     0  startup_stm32f10x_xl.o(.text)
    USART3_IRQHandler                        0x08000227   Thumb Code     0  startup_stm32f10x_xl.o(.text)
    USBWakeUp_IRQHandler                     0x08000227   Thumb Code     0  startup_stm32f10x_xl.o(.text)
    USB_HP_CAN1_TX_IRQHandler                0x08000227   Thumb Code     0  startup_stm32f10x_xl.o(.text)
    USB_LP_CAN1_RX0_IRQHandler               0x08000227   Thumb Code     0  startup_stm32f10x_xl.o(.text)
    WWDG_IRQHandler                          0x08000227   Thumb Code     0  startup_stm32f10x_xl.o(.text)
    __user_initial_stackheap                 0x08000229   Thumb Code     0  startup_stm32f10x_xl.o(.text)
    __use_two_region_memory                  0x0800024d   Thumb Code     2  heapauxi.o(.text)
    __rt_heap_escrow$2region                 0x0800024f   Thumb Code     2  heapauxi.o(.text)
    __rt_heap_expand$2region                 0x08000251   Thumb Code     2  heapauxi.o(.text)
    __read_errno                             0x08000253   Thumb Code    10  _rserrno.o(.text)
    __set_errno                              0x0800025d   Thumb Code    12  _rserrno.o(.text)
    __aeabi_errno_addr                       0x08000269   Thumb Code     8  rt_errno_addr_intlibspace.o(.text)
    __errno$intlibspace                      0x08000269   Thumb Code     0  rt_errno_addr_intlibspace.o(.text)
    __rt_errno_addr$intlibspace              0x08000269   Thumb Code     0  rt_errno_addr_intlibspace.o(.text)
    __user_libspace                          0x08000271   Thumb Code     8  libspace.o(.text)
    __user_perproc_libspace                  0x08000271   Thumb Code     0  libspace.o(.text)
    __user_perthread_libspace                0x08000271   Thumb Code     0  libspace.o(.text)
    __user_setup_stackheap                   0x08000279   Thumb Code    74  sys_stackheap_outer.o(.text)
    exit                                     0x080002c3   Thumb Code    18  exit.o(.text)
    _sys_exit                                0x080002d5   Thumb Code     8  sys_exit.o(.text)
    __I$use$semihosting                      0x080002e1   Thumb Code     0  use_no_semi.o(.text)
    __use_no_semihosting_swi                 0x080002e1   Thumb Code     2  use_no_semi.o(.text)
    __semihosting_library_function           0x080002e3   Thumb Code     0  indicate_semi.o(.text)
    ADC_INIT                                 0x080002e5   Thumb Code   146  main.o(i.ADC_INIT)
    ADXL345_INIT                             0x08000381   Thumb Code    32  main.o(i.ADXL345_INIT)
    ADXL345_SPI_INIT                         0x080003a1   Thumb Code   126  main.o(i.ADXL345_SPI_INIT)
    ADXL345_SPI_RECEIVE_16BIT                0x0800043d   Thumb Code   152  main.o(i.ADXL345_SPI_RECEIVE_16BIT)
    ADXL345_SPI_SEND                         0x080004dd   Thumb Code   104  main.o(i.ADXL345_SPI_SEND)
    ANGLES                                   0x0800054d   Thumb Code   150  main.o(i.ANGLES)
    ANGLES_CALC                              0x080005f9   Thumb Code  1144  main.o(i.ANGLES_CALC)
    BATT_CHECK                               0x08000a7d   Thumb Code    50  main.o(i.BATT_CHECK)
    CALIBRATION                              0x08000abd   Thumb Code   968  main.o(i.CALIBRATION)
    CLK_INIT                                 0x08000ed5   Thumb Code    70  main.o(i.CLK_INIT)
    DELAY                                    0x08000f21   Thumb Code    10  main.o(i.DELAY)
    DIGITS_ON_DISP                           0x08000f2d   Thumb Code   240  main.o(i.DIGITS_ON_DISP)
    DISP_REFRESH                             0x08001045   Thumb Code    40  main.o(i.DISP_REFRESH)
    DRAW_AREA                                0x08001071   Thumb Code   112  main.o(i.DRAW_AREA)
    DRAW_BATTERY_WIDGET                      0x080010e5   Thumb Code   546  main.o(i.DRAW_BATTERY_WIDGET)
    DRAW_COLOR                               0x08001339   Thumb Code    36  main.o(i.DRAW_COLOR)
    DRAW_GRAPH_LVL                           0x0800135d   Thumb Code   474  main.o(i.DRAW_GRAPH_LVL)
    DRAW_IMAGE                               0x08001545   Thumb Code   154  main.o(i.DRAW_IMAGE)
    DRAW_RECT                                0x080015e5   Thumb Code    82  main.o(i.DRAW_RECT)
    EXTI9_5_IRQHandler                       0x0800163d   Thumb Code   294  main.o(i.EXTI9_5_IRQHandler)
    EXTI_CONFIG                              0x08001795   Thumb Code    76  main.o(i.EXTI_CONFIG)
    FLASH_LOCK                               0x080017e9   Thumb Code    24  main.o(i.FLASH_LOCK)
    FLASH_PAGE_ERASE                         0x08001805   Thumb Code    52  main.o(i.FLASH_PAGE_ERASE)
    FLASH_RECEIVE                            0x0800183d   Thumb Code     6  main.o(i.FLASH_RECEIVE)
    FLASH_UNLOCK                             0x08001845   Thumb Code    30  main.o(i.FLASH_UNLOCK)
    FLASH_WRITE                              0x08001871   Thumb Code    42  main.o(i.FLASH_WRITE)
    FLASH_WRITE_FLOAT                        0x080018a1   Thumb Code    26  main.o(i.FLASH_WRITE_FLOAT)
    KEY_INIT                                 0x080018bd   Thumb Code   142  main.o(i.KEY_INIT)
    LOAD_CALIB_CONST                         0x08001961   Thumb Code    32  main.o(i.LOAD_CALIB_CONST)
    POWER_LOW                                0x08001989   Thumb Code    72  main.o(i.POWER_LOW)
    POWER_OFF                                0x080019e9   Thumb Code    60  main.o(i.POWER_OFF)
    RECEIVING_n_FILTERING_DATA               0x08001a35   Thumb Code    86  main.o(i.RECEIVING_n_FILTERING_DATA)
    SEND_DIGITS_ON_DISP                      0x08001a99   Thumb Code   316  main.o(i.SEND_DIGITS_ON_DISP)
    SIMPLE_KALMAN                            0x08001c01   Thumb Code   204  main.o(i.SIMPLE_KALMAN)
    SLOPES                                   0x08001ce1   Thumb Code   258  main.o(i.SLOPES)
    SS7735_INIT                              0x08001e09   Thumb Code   274  main.o(i.SS7735_INIT)
    SS7735_SEND_COM                          0x08001f25   Thumb Code    50  main.o(i.SS7735_SEND_COM)
    SS7735_SEND_DAT                          0x08001f61   Thumb Code    50  main.o(i.SS7735_SEND_DAT)
    SS7735_SPI_INIT                          0x08001f9d   Thumb Code   120  main.o(i.SS7735_SPI_INIT)
    SystemInit                               0x08002115   Thumb Code    78  system_stm32f10x.o(i.SystemInit)
    WAIT                                     0x08002175   Thumb Code    12  main.o(i.WAIT)
    __ARM_fpclassify                         0x08002185   Thumb Code    40  fpclassify.o(i.__ARM_fpclassify)
    __ieee754_rem_pio2                       0x080021ad   Thumb Code   828  rred.o(i.__ieee754_rem_pio2)
    __kernel_cos                             0x08002535   Thumb Code   230  cos_i.o(i.__kernel_cos)
    __kernel_poly                            0x08002631   Thumb Code   170  poly.o(i.__kernel_poly)
    __kernel_sin                             0x080026dd   Thumb Code   224  sin_i.o(i.__kernel_sin)
    __kernel_tan                             0x080027c9   Thumb Code   586  tan_i.o(i.__kernel_tan)
    __mathlib_dbl_infnan                     0x08002a45   Thumb Code     6  dunder.o(i.__mathlib_dbl_infnan)
    __mathlib_dbl_infnan2                    0x08002a4b   Thumb Code     4  dunder.o(i.__mathlib_dbl_infnan2)
    __mathlib_dbl_invalid                    0x08002a4f   Thumb Code    12  dunder.o(i.__mathlib_dbl_invalid)
    __mathlib_dbl_underflow                  0x08002a5d   Thumb Code    10  dunder.o(i.__mathlib_dbl_underflow)
    atan                                     0x08002a6d   Thumb Code   474  atan.o(i.atan)
    atan2                                    0x08002c8d   Thumb Code   346  atan2.o(i.atan2)
    cos                                      0x08002e0d   Thumb Code   148  cos.o(i.cos)
    main                                     0x08002ea9   Thumb Code   172  main.o(i.main)
    sin                                      0x08002f6d   Thumb Code   150  sin.o(i.sin)
    sqrt                                     0x0800300d   Thumb Code    76  sqrt.o(i.sqrt)
    tan                                      0x08003059   Thumb Code    90  tan.o(i.tan)
    __aeabi_d2f                              0x080030bd   Thumb Code     0  d2f.o(x$fpl$d2f)
    _d2f                                     0x080030bd   Thumb Code    98  d2f.o(x$fpl$d2f)
    __aeabi_dadd                             0x08003121   Thumb Code     0  daddsub_clz.o(x$fpl$dadd)
    _dadd                                    0x08003121   Thumb Code   332  daddsub_clz.o(x$fpl$dadd)
    __fpl_dcheck_NaN1                        0x08003271   Thumb Code    10  dcheck1.o(x$fpl$dcheck1)
    __fpl_dcmp_Inf                           0x08003281   Thumb Code    24  dcmpi.o(x$fpl$dcmpinf)
    __aeabi_ddiv                             0x08003299   Thumb Code     0  ddiv.o(x$fpl$ddiv)
    _ddiv                                    0x08003299   Thumb Code   552  ddiv.o(x$fpl$ddiv)
    __aeabi_d2iz                             0x08003549   Thumb Code     0  dfix.o(x$fpl$dfix)
    _dfix                                    0x08003549   Thumb Code    94  dfix.o(x$fpl$dfix)
    __aeabi_d2uiz                            0x080035a9   Thumb Code     0  dfixu.o(x$fpl$dfixu)
    _dfixu                                   0x080035a9   Thumb Code    90  dfixu.o(x$fpl$dfixu)
    __aeabi_i2d                              0x08003603   Thumb Code     0  dflt_clz.o(x$fpl$dflt)
    _dflt                                    0x08003603   Thumb Code    46  dflt_clz.o(x$fpl$dflt)
    __aeabi_ui2d                             0x08003631   Thumb Code     0  dflt_clz.o(x$fpl$dfltu)
    _dfltu                                   0x08003631   Thumb Code    38  dflt_clz.o(x$fpl$dfltu)
    __aeabi_cdcmple                          0x08003659   Thumb Code     0  dleqf.o(x$fpl$dleqf)
    _dcmple                                  0x08003659   Thumb Code   120  dleqf.o(x$fpl$dleqf)
    __fpl_dcmple_InfNaN                      0x080036bb   Thumb Code     0  dleqf.o(x$fpl$dleqf)
    __aeabi_dmul                             0x080036d1   Thumb Code     0  dmul.o(x$fpl$dmul)
    _dmul                                    0x080036d1   Thumb Code   332  dmul.o(x$fpl$dmul)
    __fpl_dnaninf                            0x08003825   Thumb Code   156  dnaninf.o(x$fpl$dnaninf)
    __fpl_dretinf                            0x080038c1   Thumb Code    12  dretinf.o(x$fpl$dretinf)
    __aeabi_drsub                            0x080038cd   Thumb Code     0  daddsub_clz.o(x$fpl$drsb)
    _drsb                                    0x080038cd   Thumb Code    22  daddsub_clz.o(x$fpl$drsb)
    _dsqrt                                   0x080038e5   Thumb Code   456  dsqrt_noumaal.o(x$fpl$dsqrt)
    __aeabi_dsub                             0x08003ab1   Thumb Code     0  daddsub_clz.o(x$fpl$dsub)
    _dsub                                    0x08003ab1   Thumb Code   464  daddsub_clz.o(x$fpl$dsub)
    __aeabi_f2d                              0x08003c85   Thumb Code     0  f2d.o(x$fpl$f2d)
    _f2d                                     0x08003c85   Thumb Code    86  f2d.o(x$fpl$f2d)
    __aeabi_fadd                             0x08003cdd   Thumb Code     0  faddsub_clz.o(x$fpl$fadd)
    _fadd                                    0x08003cdd   Thumb Code   196  faddsub_clz.o(x$fpl$fadd)
    __fpl_fcmp_Inf                           0x08003da1   Thumb Code    24  fcmpi.o(x$fpl$fcmpinf)
    __aeabi_fdiv                             0x08003db9   Thumb Code     0  fdiv.o(x$fpl$fdiv)
    _fdiv                                    0x08003db9   Thumb Code   384  fdiv.o(x$fpl$fdiv)
    __aeabi_f2iz                             0x08003f3d   Thumb Code     0  ffix.o(x$fpl$ffix)
    _ffix                                    0x08003f3d   Thumb Code    54  ffix.o(x$fpl$ffix)
    __aeabi_i2f                              0x08003f75   Thumb Code     0  fflt_clz.o(x$fpl$fflt)
    _fflt                                    0x08003f75   Thumb Code    48  fflt_clz.o(x$fpl$fflt)
    __aeabi_cfcmple                          0x08003fa5   Thumb Code     0  fleqf.o(x$fpl$fleqf)
    _fcmple                                  0x08003fa5   Thumb Code   104  fleqf.o(x$fpl$fleqf)
    __fpl_fcmple_InfNaN                      0x08003ff7   Thumb Code     0  fleqf.o(x$fpl$fleqf)
    __aeabi_fmul                             0x0800400d   Thumb Code     0  fmul.o(x$fpl$fmul)
    _fmul                                    0x0800400d   Thumb Code   258  fmul.o(x$fpl$fmul)
    __fpl_fnaninf                            0x0800410f   Thumb Code   140  fnaninf.o(x$fpl$fnaninf)
    __fpl_fretinf                            0x0800419b   Thumb Code    10  fretinf.o(x$fpl$fretinf)
    __aeabi_cfrcmple                         0x080041a5   Thumb Code     0  frleqf.o(x$fpl$frleqf)
    _frcmple                                 0x080041a5   Thumb Code    98  frleqf.o(x$fpl$frleqf)
    __aeabi_fsub                             0x08004209   Thumb Code     0  faddsub_clz.o(x$fpl$fsub)
    _fsub                                    0x08004209   Thumb Code   234  faddsub_clz.o(x$fpl$fsub)
    __fpl_return_NaN                         0x080042f3   Thumb Code   100  retnan.o(x$fpl$retnan)
    __ARM_scalbn                             0x08004357   Thumb Code    92  scalbn.o(x$fpl$scalbn)
    __fpl_cmpreturn                          0x080043b3   Thumb Code    48  trapv.o(x$fpl$trapveneer)
    __I$use$fp                               0x080043e2   Number         0  usenofp.o(x$fpl$usenofp)
    err_measure                              0x080043e4   Data           4  main.o(.constdata)
    hello_sign                               0x080043e8   Data          56  main.o(.constdata)
    battery                                  0x08004420   Data          20  main.o(.constdata)
    small_zero                               0x08004434   Data          16  main.o(.constdata)
    small_one                                0x08004444   Data          16  main.o(.constdata)
    small_two                                0x08004454   Data          16  main.o(.constdata)
    small_three                              0x08004464   Data          16  main.o(.constdata)
    small_four                               0x08004474   Data          16  main.o(.constdata)
    small_five                               0x08004484   Data          16  main.o(.constdata)
    small_six                                0x08004494   Data          16  main.o(.constdata)
    small_seven                              0x080044a4   Data          16  main.o(.constdata)
    small_eight                              0x080044b4   Data          16  main.o(.constdata)
    small_nine                               0x080044c4   Data          16  main.o(.constdata)
    slope_sign                               0x080044d4   Data          36  main.o(.constdata)
    angle_sign                               0x080044f8   Data          36  main.o(.constdata)
    hold_sign                                0x0800451c   Data          32  main.o(.constdata)
    zero_sign                                0x0800453c   Data          32  main.o(.constdata)
    low_charge_sign                          0x0800455c   Data         116  main.o(.constdata)
    x_axis                                   0x080045d0   Data          52  main.o(.constdata)
    y_axis                                   0x08004604   Data          52  main.o(.constdata)
    large_zero                               0x08004638   Data          28  main.o(.constdata)
    large_one                                0x08004654   Data          28  main.o(.constdata)
    large_two                                0x08004670   Data          28  main.o(.constdata)
    large_three                              0x0800468c   Data          28  main.o(.constdata)
    large_four                               0x080046a8   Data          28  main.o(.constdata)
    large_five                               0x080046c4   Data          28  main.o(.constdata)
    large_six                                0x080046e0   Data          28  main.o(.constdata)
    large_seven                              0x080046fc   Data          28  main.o(.constdata)
    large_eight                              0x08004718   Data          28  main.o(.constdata)
    large_nine                               0x08004734   Data          28  main.o(.constdata)
    large_dot                                0x08004750   Data          12  main.o(.constdata)
    large_minus                              0x0800475c   Data          12  main.o(.constdata)
    percent_sign                             0x08004768   Data          36  main.o(.constdata)
    grad_sign                                0x0800478c   Data          36  main.o(.constdata)
    right_arrow                              0x080047b0   Data          16  main.o(.constdata)
    left_arrow                               0x080047c0   Data          16  main.o(.constdata)
    up_arrow                                 0x080047d0   Data          16  main.o(.constdata)
    down_arrow                               0x080047e0   Data          16  main.o(.constdata)
    calibration_sign                         0x080047f0   Data          64  main.o(.constdata)
    put_sign                                 0x08004830   Data          24  main.o(.constdata)
    flat_sign                                0x08004848   Data          28  main.o(.constdata)
    on_the_edge_sign                         0x08004864   Data          60  main.o(.constdata)
    and_press_sign                           0x080048a0   Data          52  main.o(.constdata)
    ok_sign                                  0x080048d4   Data          20  main.o(.constdata)
    wait_sign                                0x080048e8   Data          36  main.o(.constdata)
    done_sign                                0x0800490c   Data          28  main.o(.constdata)
    cancel_sign                              0x08004928   Data          16  main.o(.constdata)
    calib1                                   0x08004938   Data         740  main.o(.constdata)
    calib2                                   0x08004c1c   Data         920  main.o(.constdata)
    __mathlib_zero                           0x08005090   Data           8  qnan.o(.constdata)
    Region$$Table$$Base                      0x080051e8   Number         0  anon$$obj.o(Region$$Table)
    Region$$Table$$Limit                     0x08005208   Number         0  anon$$obj.o(Region$$Table)
    N                                        0x20000000   Data           4  main.o(.data)
    Nx                                       0x20000004   Data           4  main.o(.data)
    Ny                                       0x20000008   Data           4  main.o(.data)
    Nz                                       0x2000000c   Data           4  main.o(.data)
    pitch                                    0x20000010   Data           4  main.o(.data)
    roll                                     0x20000014   Data           4  main.o(.data)
    pitch_offs                               0x20000018   Data           4  main.o(.data)
    roll_offs                                0x2000001c   Data           4  main.o(.data)
    zero_x                                   0x20000020   Data           4  main.o(.data)
    zero_y                                   0x20000024   Data           4  main.o(.data)
    zero_z                                   0x20000028   Data           4  main.o(.data)
    q                                        0x2000002c   Data           4  main.o(.data)
    current                                  0x20000030   Data          16  main.o(.data)
    hold                                     0x20000040   Data           1  main.o(.data)
    filt_reset                               0x20000041   Data           1  main.o(.data)
    zero_flag                                0x20000042   Data           1  main.o(.data)
    mode                                     0x20000043   Data           1  main.o(.data)
    battery_ref_freq                         0x20000044   Data           1  main.o(.data)
    bubble                                   0x20000045   Data         169  main.o(.data)
    target                                   0x200000ee   Data        5929  main.o(.data)
    calib_const                              0x20001824   Data          24  main.o(.bss)
    __libspace_start                         0x20001848   Data          96  libspace.o(.bss)
    __temporary_stack_top$libspace           0x200018a8   Data           0  libspace.o(.bss)



==============================================================================

Memory Map of the image

  Image Entry point : 0x0800020d

  Load Region LR_1 (Base: 0x08000000, Size: 0x00006a2c, Max: 0xffffffff, ABSOLUTE, COMPRESSED[0x0000547c])

    Execution Region ER_RO (Exec base: 0x08000000, Load base: 0x08000000, Size: 0x00005208, Max: 0xffffffff, ABSOLUTE)

    Exec Addr    Load Addr    Size         Type   Attr      Idx    E Section Name        Object

    0x08000000   0x08000000   0x00000130   Data   RO          343    RESET               startup_stm32f10x_xl.o
    0x08000130   0x08000130   0x00000008   Code   RO          394  * !!!main             c_w.l(__main.o)
    0x08000138   0x08000138   0x00000034   Code   RO          730    !!!scatter          c_w.l(__scatter.o)
    0x0800016c   0x0800016c   0x0000005a   Code   RO          728    !!dczerorl2         c_w.l(__dczerorl2.o)
    0x080001c6   0x080001c6   0x00000002   PAD
    0x080001c8   0x080001c8   0x0000001c   Code   RO          732    !!handler_zi        c_w.l(__scatter_zi.o)
    0x080001e4   0x080001e4   0x00000002   Code   RO          595    .ARM.Collect$$libinit$$00000000  c_w.l(libinit.o)
    0x080001e6   0x080001e6   0x00000000   Code   RO          601    .ARM.Collect$$libinit$$00000002  c_w.l(libinit2.o)
    0x080001e6   0x080001e6   0x00000000   Code   RO          603    .ARM.Collect$$libinit$$00000004  c_w.l(libinit2.o)
    0x080001e6   0x080001e6   0x00000000   Code   RO          606    .ARM.Collect$$libinit$$0000000A  c_w.l(libinit2.o)
    0x080001e6   0x080001e6   0x00000000   Code   RO          608    .ARM.Collect$$libinit$$0000000C  c_w.l(libinit2.o)
    0x080001e6   0x080001e6   0x00000000   Code   RO          610    .ARM.Collect$$libinit$$0000000E  c_w.l(libinit2.o)
    0x080001e6   0x080001e6   0x00000000   Code   RO          613    .ARM.Collect$$libinit$$00000011  c_w.l(libinit2.o)
    0x080001e6   0x080001e6   0x00000000   Code   RO          615    .ARM.Collect$$libinit$$00000013  c_w.l(libinit2.o)
    0x080001e6   0x080001e6   0x00000000   Code   RO          617    .ARM.Collect$$libinit$$00000015  c_w.l(libinit2.o)
    0x080001e6   0x080001e6   0x00000000   Code   RO          619    .ARM.Collect$$libinit$$00000017  c_w.l(libinit2.o)
    0x080001e6   0x080001e6   0x00000000   Code   RO          621    .ARM.Collect$$libinit$$00000019  c_w.l(libinit2.o)
    0x080001e6   0x080001e6   0x00000000   Code   RO          623    .ARM.Collect$$libinit$$0000001B  c_w.l(libinit2.o)
    0x080001e6   0x080001e6   0x00000000   Code   RO          625    .ARM.Collect$$libinit$$0000001D  c_w.l(libinit2.o)
    0x080001e6   0x080001e6   0x00000000   Code   RO          627    .ARM.Collect$$libinit$$0000001F  c_w.l(libinit2.o)
    0x080001e6   0x080001e6   0x00000000   Code   RO          629    .ARM.Collect$$libinit$$00000021  c_w.l(libinit2.o)
    0x080001e6   0x080001e6   0x00000000   Code   RO          631    .ARM.Collect$$libinit$$00000023  c_w.l(libinit2.o)
    0x080001e6   0x080001e6   0x00000000   Code   RO          633    .ARM.Collect$$libinit$$00000025  c_w.l(libinit2.o)
    0x080001e6   0x080001e6   0x00000000   Code   RO          637    .ARM.Collect$$libinit$$0000002C  c_w.l(libinit2.o)
    0x080001e6   0x080001e6   0x00000000   Code   RO          639    .ARM.Collect$$libinit$$0000002E  c_w.l(libinit2.o)
    0x080001e6   0x080001e6   0x00000000   Code   RO          641    .ARM.Collect$$libinit$$00000030  c_w.l(libinit2.o)
    0x080001e6   0x080001e6   0x00000000   Code   RO          643    .ARM.Collect$$libinit$$00000032  c_w.l(libinit2.o)
    0x080001e6   0x080001e6   0x00000002   Code   RO          644    .ARM.Collect$$libinit$$00000033  c_w.l(libinit2.o)
    0x080001e8   0x080001e8   0x00000002   Code   RO          668    .ARM.Collect$$libshutdown$$00000000  c_w.l(libshutdown.o)
    0x080001ea   0x080001ea   0x00000000   Code   RO          681    .ARM.Collect$$libshutdown$$00000002  c_w.l(libshutdown2.o)
    0x080001ea   0x080001ea   0x00000000   Code   RO          683    .ARM.Collect$$libshutdown$$00000004  c_w.l(libshutdown2.o)
    0x080001ea   0x080001ea   0x00000000   Code   RO          686    .ARM.Collect$$libshutdown$$00000007  c_w.l(libshutdown2.o)
    0x080001ea   0x080001ea   0x00000000   Code   RO          689    .ARM.Collect$$libshutdown$$0000000A  c_w.l(libshutdown2.o)
    0x080001ea   0x080001ea   0x00000000   Code   RO          691    .ARM.Collect$$libshutdown$$0000000C  c_w.l(libshutdown2.o)
    0x080001ea   0x080001ea   0x00000000   Code   RO          694    .ARM.Collect$$libshutdown$$0000000F  c_w.l(libshutdown2.o)
    0x080001ea   0x080001ea   0x00000002   Code   RO          695    .ARM.Collect$$libshutdown$$00000010  c_w.l(libshutdown2.o)
    0x080001ec   0x080001ec   0x00000000   Code   RO          494    .ARM.Collect$$rtentry$$00000000  c_w.l(__rtentry.o)
    0x080001ec   0x080001ec   0x00000000   Code   RO          558    .ARM.Collect$$rtentry$$00000002  c_w.l(__rtentry2.o)
    0x080001ec   0x080001ec   0x00000006   Code   RO          570    .ARM.Collect$$rtentry$$00000004  c_w.l(__rtentry4.o)
    0x080001f2   0x080001f2   0x00000000   Code   RO          560    .ARM.Collect$$rtentry$$00000009  c_w.l(__rtentry2.o)
    0x080001f2   0x080001f2   0x00000004   Code   RO          561    .ARM.Collect$$rtentry$$0000000A  c_w.l(__rtentry2.o)
    0x080001f6   0x080001f6   0x00000000   Code   RO          563    .ARM.Collect$$rtentry$$0000000C  c_w.l(__rtentry2.o)
    0x080001f6   0x080001f6   0x00000008   Code   RO          564    .ARM.Collect$$rtentry$$0000000D  c_w.l(__rtentry2.o)
    0x080001fe   0x080001fe   0x00000002   Code   RO          598    .ARM.Collect$$rtexit$$00000000  c_w.l(rtexit.o)
    0x08000200   0x08000200   0x00000000   Code   RO          648    .ARM.Collect$$rtexit$$00000002  c_w.l(rtexit2.o)
    0x08000200   0x08000200   0x00000004   Code   RO          649    .ARM.Collect$$rtexit$$00000003  c_w.l(rtexit2.o)
    0x08000204   0x08000204   0x00000006   Code   RO          650    .ARM.Collect$$rtexit$$00000004  c_w.l(rtexit2.o)
    0x0800020a   0x0800020a   0x00000002   PAD
    0x0800020c   0x0800020c   0x00000040   Code   RO          344  * .text               startup_stm32f10x_xl.o
    0x0800024c   0x0800024c   0x00000006   Code   RO          392    .text               c_w.l(heapauxi.o)
    0x08000252   0x08000252   0x00000016   Code   RO          495    .text               c_w.l(_rserrno.o)
    0x08000268   0x08000268   0x00000008   Code   RO          575    .text               c_w.l(rt_errno_addr_intlibspace.o)
    0x08000270   0x08000270   0x00000008   Code   RO          583    .text               c_w.l(libspace.o)
    0x08000278   0x08000278   0x0000004a   Code   RO          586    .text               c_w.l(sys_stackheap_outer.o)
    0x080002c2   0x080002c2   0x00000012   Code   RO          588    .text               c_w.l(exit.o)
    0x080002d4   0x080002d4   0x0000000c   Code   RO          660    .text               c_w.l(sys_exit.o)
    0x080002e0   0x080002e0   0x00000002   Code   RO          671    .text               c_w.l(use_no_semi.o)
    0x080002e2   0x080002e2   0x00000000   Code   RO          673    .text               c_w.l(indicate_semi.o)
    0x080002e2   0x080002e2   0x00000002   PAD
    0x080002e4   0x080002e4   0x0000009c   Code   RO            1    i.ADC_INIT          main.o
    0x08000380   0x08000380   0x00000020   Code   RO            2    i.ADXL345_INIT      main.o
    0x080003a0   0x080003a0   0x0000009c   Code   RO            3    i.ADXL345_SPI_INIT  main.o
    0x0800043c   0x0800043c   0x000000a0   Code   RO            4    i.ADXL345_SPI_RECEIVE_16BIT  main.o
    0x080004dc   0x080004dc   0x00000070   Code   RO            5    i.ADXL345_SPI_SEND  main.o
    0x0800054c   0x0800054c   0x000000ac   Code   RO            6    i.ANGLES            main.o
    0x080005f8   0x080005f8   0x00000484   Code   RO            7    i.ANGLES_CALC       main.o
    0x08000a7c   0x08000a7c   0x00000040   Code   RO            8    i.BATT_CHECK        main.o
    0x08000abc   0x08000abc   0x00000418   Code   RO            9    i.CALIBRATION       main.o
    0x08000ed4   0x08000ed4   0x0000004c   Code   RO           11    i.CLK_INIT          main.o
    0x08000f20   0x08000f20   0x0000000a   Code   RO           13    i.DELAY             main.o
    0x08000f2a   0x08000f2a   0x00000002   PAD
    0x08000f2c   0x08000f2c   0x00000118   Code   RO           14    i.DIGITS_ON_DISP    main.o
    0x08001044   0x08001044   0x0000002c   Code   RO           15    i.DISP_REFRESH      main.o
    0x08001070   0x08001070   0x00000074   Code   RO           16    i.DRAW_AREA         main.o
    0x080010e4   0x080010e4   0x00000254   Code   RO           17    i.DRAW_BATTERY_WIDGET  main.o
    0x08001338   0x08001338   0x00000024   Code   RO           18    i.DRAW_COLOR        main.o
    0x0800135c   0x0800135c   0x000001e8   Code   RO           19    i.DRAW_GRAPH_LVL    main.o
    0x08001544   0x08001544   0x000000a0   Code   RO           20    i.DRAW_IMAGE        main.o
    0x080015e4   0x080015e4   0x00000058   Code   RO           21    i.DRAW_RECT         main.o
    0x0800163c   0x0800163c   0x00000158   Code   RO           22    i.EXTI9_5_IRQHandler  main.o
    0x08001794   0x08001794   0x00000054   Code   RO           23    i.EXTI_CONFIG       main.o
    0x080017e8   0x080017e8   0x0000001c   Code   RO           24    i.FLASH_LOCK        main.o
    0x08001804   0x08001804   0x00000038   Code   RO           25    i.FLASH_PAGE_ERASE  main.o
    0x0800183c   0x0800183c   0x00000006   Code   RO           26    i.FLASH_RECEIVE     main.o
    0x08001842   0x08001842   0x00000002   PAD
    0x08001844   0x08001844   0x0000002c   Code   RO           27    i.FLASH_UNLOCK      main.o
    0x08001870   0x08001870   0x00000030   Code   RO           28    i.FLASH_WRITE       main.o
    0x080018a0   0x080018a0   0x0000001a   Code   RO           29    i.FLASH_WRITE_FLOAT  main.o
    0x080018ba   0x080018ba   0x00000002   PAD
    0x080018bc   0x080018bc   0x000000a4   Code   RO           30    i.KEY_INIT          main.o
    0x08001960   0x08001960   0x00000028   Code   RO           31    i.LOAD_CALIB_CONST  main.o
    0x08001988   0x08001988   0x00000060   Code   RO           33    i.POWER_LOW         main.o
    0x080019e8   0x080019e8   0x0000004c   Code   RO           34    i.POWER_OFF         main.o
    0x08001a34   0x08001a34   0x00000064   Code   RO           35    i.RECEIVING_n_FILTERING_DATA  main.o
    0x08001a98   0x08001a98   0x00000168   Code   RO           36    i.SEND_DIGITS_ON_DISP  main.o
    0x08001c00   0x08001c00   0x000000e0   Code   RO           37    i.SIMPLE_KALMAN     main.o
    0x08001ce0   0x08001ce0   0x00000128   Code   RO           38    i.SLOPES            main.o
    0x08001e08   0x08001e08   0x0000011c   Code   RO           39    i.SS7735_INIT       main.o
    0x08001f24   0x08001f24   0x0000003c   Code   RO           40    i.SS7735_SEND_COM   main.o
    0x08001f60   0x08001f60   0x0000003c   Code   RO           41    i.SS7735_SEND_DAT   main.o
    0x08001f9c   0x08001f9c   0x00000090   Code   RO           42    i.SS7735_SPI_INIT   main.o
    0x0800202c   0x0800202c   0x00000008   Code   RO          349    i.SetSysClock       system_stm32f10x.o
    0x08002034   0x08002034   0x000000e0   Code   RO          350    i.SetSysClockTo72   system_stm32f10x.o
    0x08002114   0x08002114   0x00000060   Code   RO          352    i.SystemInit        system_stm32f10x.o
    0x08002174   0x08002174   0x00000010   Code   RO           43    i.WAIT              main.o
    0x08002184   0x08002184   0x00000028   Code   RO          579    i.__ARM_fpclassify  m_ws.l(fpclassify.o)
    0x080021ac   0x080021ac   0x00000388   Code   RO          540    i.__ieee754_rem_pio2  m_ws.l(rred.o)
    0x08002534   0x08002534   0x000000fc   Code   RO          522    i.__kernel_cos      m_ws.l(cos_i.o)
    0x08002630   0x08002630   0x000000aa   Code   RO          581    i.__kernel_poly     m_ws.l(poly.o)
    0x080026da   0x080026da   0x00000002   PAD
    0x080026dc   0x080026dc   0x000000ec   Code   RO          545    i.__kernel_sin      m_ws.l(sin_i.o)
    0x080027c8   0x080027c8   0x0000027c   Code   RO          551    i.__kernel_tan      m_ws.l(tan_i.o)
    0x08002a44   0x08002a44   0x00000006   Code   RO          526    i.__mathlib_dbl_infnan  m_ws.l(dunder.o)
    0x08002a4a   0x08002a4a   0x00000004   Code   RO          527    i.__mathlib_dbl_infnan2  m_ws.l(dunder.o)
    0x08002a4e   0x08002a4e   0x0000000c   Code   RO          528    i.__mathlib_dbl_invalid  m_ws.l(dunder.o)
    0x08002a5a   0x08002a5a   0x00000002   PAD
    0x08002a5c   0x08002a5c   0x00000010   Code   RO          531    i.__mathlib_dbl_underflow  m_ws.l(dunder.o)
    0x08002a6c   0x08002a6c   0x00000220   Code   RO          513    i.atan              m_ws.l(atan.o)
    0x08002c8c   0x08002c8c   0x00000180   Code   RO          455    i.atan2             m_ws.l(atan2.o)
    0x08002e0c   0x08002e0c   0x0000009c   Code   RO          463    i.cos               m_ws.l(cos.o)
    0x08002ea8   0x08002ea8   0x000000c4   Code   RO           44    i.main              main.o
    0x08002f6c   0x08002f6c   0x000000a0   Code   RO          471    i.sin               m_ws.l(sin.o)
    0x0800300c   0x0800300c   0x0000004c   Code   RO          479    i.sqrt              m_ws.l(sqrt.o)
    0x08003058   0x08003058   0x00000064   Code   RO          487    i.tan               m_ws.l(tan.o)
    0x080030bc   0x080030bc   0x00000062   Code   RO          396    x$fpl$d2f           fz_ws.l(d2f.o)
    0x0800311e   0x0800311e   0x00000002   PAD
    0x08003120   0x08003120   0x00000150   Code   RO          398    x$fpl$dadd          fz_ws.l(daddsub_clz.o)
    0x08003270   0x08003270   0x00000010   Code   RO          596    x$fpl$dcheck1       fz_ws.l(dcheck1.o)
    0x08003280   0x08003280   0x00000018   Code   RO          497    x$fpl$dcmpinf       fz_ws.l(dcmpi.o)
    0x08003298   0x08003298   0x000002b0   Code   RO          405    x$fpl$ddiv          fz_ws.l(ddiv.o)
    0x08003548   0x08003548   0x0000005e   Code   RO          408    x$fpl$dfix          fz_ws.l(dfix.o)
    0x080035a6   0x080035a6   0x00000002   PAD
    0x080035a8   0x080035a8   0x0000005a   Code   RO          412    x$fpl$dfixu         fz_ws.l(dfixu.o)
    0x08003602   0x08003602   0x0000002e   Code   RO          417    x$fpl$dflt          fz_ws.l(dflt_clz.o)
    0x08003630   0x08003630   0x00000026   Code   RO          416    x$fpl$dfltu         fz_ws.l(dflt_clz.o)
    0x08003656   0x08003656   0x00000002   PAD
    0x08003658   0x08003658   0x00000078   Code   RO          422    x$fpl$dleqf         fz_ws.l(dleqf.o)
    0x080036d0   0x080036d0   0x00000154   Code   RO          424    x$fpl$dmul          fz_ws.l(dmul.o)
    0x08003824   0x08003824   0x0000009c   Code   RO          499    x$fpl$dnaninf       fz_ws.l(dnaninf.o)
    0x080038c0   0x080038c0   0x0000000c   Code   RO          501    x$fpl$dretinf       fz_ws.l(dretinf.o)
    0x080038cc   0x080038cc   0x00000016   Code   RO          399    x$fpl$drsb          fz_ws.l(daddsub_clz.o)
    0x080038e2   0x080038e2   0x00000002   PAD
    0x080038e4   0x080038e4   0x000001cc   Code   RO          503    x$fpl$dsqrt         fz_ws.l(dsqrt_noumaal.o)
    0x08003ab0   0x08003ab0   0x000001d4   Code   RO          400    x$fpl$dsub          fz_ws.l(daddsub_clz.o)
    0x08003c84   0x08003c84   0x00000056   Code   RO          426    x$fpl$f2d           fz_ws.l(f2d.o)
    0x08003cda   0x08003cda   0x00000002   PAD
    0x08003cdc   0x08003cdc   0x000000c4   Code   RO          428    x$fpl$fadd          fz_ws.l(faddsub_clz.o)
    0x08003da0   0x08003da0   0x00000018   Code   RO          505    x$fpl$fcmpinf       fz_ws.l(fcmpi.o)
    0x08003db8   0x08003db8   0x00000184   Code   RO          435    x$fpl$fdiv          fz_ws.l(fdiv.o)
    0x08003f3c   0x08003f3c   0x00000036   Code   RO          438    x$fpl$ffix          fz_ws.l(ffix.o)
    0x08003f72   0x08003f72   0x00000002   PAD
    0x08003f74   0x08003f74   0x00000030   Code   RO          443    x$fpl$fflt          fz_ws.l(fflt_clz.o)
    0x08003fa4   0x08003fa4   0x00000068   Code   RO          448    x$fpl$fleqf         fz_ws.l(fleqf.o)
    0x0800400c   0x0800400c   0x00000102   Code   RO          450    x$fpl$fmul          fz_ws.l(fmul.o)
    0x0800410e   0x0800410e   0x0000008c   Code   RO          507    x$fpl$fnaninf       fz_ws.l(fnaninf.o)
    0x0800419a   0x0800419a   0x0000000a   Code   RO          509    x$fpl$fretinf       fz_ws.l(fretinf.o)
    0x080041a4   0x080041a4   0x00000062   Code   RO          452    x$fpl$frleqf        fz_ws.l(frleqf.o)
    0x08004206   0x08004206   0x00000002   PAD
    0x08004208   0x08004208   0x000000ea   Code   RO          430    x$fpl$fsub          fz_ws.l(faddsub_clz.o)
    0x080042f2   0x080042f2   0x00000064   Code   RO          645    x$fpl$retnan        fz_ws.l(retnan.o)
    0x08004356   0x08004356   0x0000005c   Code   RO          577    x$fpl$scalbn        fz_ws.l(scalbn.o)
    0x080043b2   0x080043b2   0x00000030   Code   RO          658    x$fpl$trapveneer    fz_ws.l(trapv.o)
    0x080043e2   0x080043e2   0x00000000   Code   RO          511    x$fpl$usenofp       fz_ws.l(usenofp.o)
    0x080043e2   0x080043e2   0x00000002   PAD
    0x080043e4   0x080043e4   0x00000be0   Data   RO           46    .constdata          main.o
    0x08004fc4   0x08004fc4   0x00000004   PAD
    0x08004fc8   0x08004fc8   0x00000098   Data   RO          514    .constdata          m_ws.l(atan.o)
    0x08005060   0x08005060   0x00000030   Data   RO          523    .constdata          m_ws.l(cos_i.o)
    0x08005090   0x08005090   0x00000008   Data   RO          539    .constdata          m_ws.l(qnan.o)
    0x08005098   0x08005098   0x000000c8   Data   RO          542    .constdata          m_ws.l(rred.o)
    0x08005160   0x08005160   0x00000028   Data   RO          546    .constdata          m_ws.l(sin_i.o)
    0x08005188   0x08005188   0x00000060   Data   RO          552    .constdata          m_ws.l(tan_i.o)
    0x080051e8   0x080051e8   0x00000020   Data   RO          726    Region$$Table       anon$$obj.o


    Execution Region ER_RW (Exec base: 0x20000000, Load base: 0x08005208, Size: 0x00001824, Max: 0xffffffff, ABSOLUTE, COMPRESSED[0x00000274])

    Exec Addr    Load Addr    Size         Type   Attr      Idx    E Section Name        Object

    0x20000000   COMPRESSED   0x00001824   Data   RW           47    .data               main.o


    Execution Region ER_ZI (Exec base: 0x20001824, Load base: 0x0800547c, Size: 0x00000684, Max: 0xffffffff, ABSOLUTE)

    Exec Addr    Load Addr    Size         Type   Attr      Idx    E Section Name        Object

    0x20001824        -       0x00000024   Zero   RW           45    .bss                main.o
    0x20001848        -       0x00000060   Zero   RW          584    .bss                c_w.l(libspace.o)
    0x200018a8        -       0x00000200   Zero   RW          342    HEAP                startup_stm32f10x_xl.o
    0x20001aa8        -       0x00000400   Zero   RW          341    STACK               startup_stm32f10x_xl.o


==============================================================================

Image component sizes


      Code (inc. data)   RO Data    RW Data    ZI Data      Debug   Object Name

      7702        758       3040       6180         36     250244   main.o
        64         26        304          0       1536        832   startup_stm32f10x_xl.o
       328         28          0          0          0       1981   system_stm32f10x.o

    ----------------------------------------------------------------------
      8100        812       3380       6180       1572     253057   Object Totals
         0          0         32          0          0          0   (incl. Generated)
         6          0          4          0          0          0   (incl. Padding)

    ----------------------------------------------------------------------

      Code (inc. data)   RO Data    RW Data    ZI Data      Debug   Library Member Name

        90          0          0          0          0          0   __dczerorl2.o
         8          0          0          0          0         68   __main.o
         0          0          0          0          0          0   __rtentry.o
        12          0          0          0          0          0   __rtentry2.o
         6          0          0          0          0          0   __rtentry4.o
        52          8          0          0          0          0   __scatter.o
        28          0          0          0          0          0   __scatter_zi.o
        22          0          0          0          0        100   _rserrno.o
        18          0          0          0          0         80   exit.o
         6          0          0          0          0        152   heapauxi.o
         0          0          0          0          0          0   indicate_semi.o
         2          0          0          0          0          0   libinit.o
         2          0          0          0          0          0   libinit2.o
         2          0          0          0          0          0   libshutdown.o
         2          0          0          0          0          0   libshutdown2.o
         8          4          0          0         96         68   libspace.o
         8          4          0          0          0         68   rt_errno_addr_intlibspace.o
         2          0          0          0          0          0   rtexit.o
        10          0          0          0          0          0   rtexit2.o
        12          4          0          0          0         68   sys_exit.o
        74          0          0          0          0         80   sys_stackheap_outer.o
         2          0          0          0          0         68   use_no_semi.o
        98          4          0          0          0         92   d2f.o
       826         16          0          0          0        348   daddsub_clz.o
        16          4          0          0          0         68   dcheck1.o
        24          0          0          0          0         68   dcmpi.o
       688        140          0          0          0        208   ddiv.o
        94          4          0          0          0         92   dfix.o
        90          4          0          0          0         92   dfixu.o
        84          0          0          0          0        136   dflt_clz.o
       120          4          0          0          0         92   dleqf.o
       340         12          0          0          0        104   dmul.o
       156          4          0          0          0         92   dnaninf.o
        12          0          0          0          0         68   dretinf.o
       460         56          0          0          0        120   dsqrt_noumaal.o
        86          4          0          0          0         84   f2d.o
       430          8          0          0          0        168   faddsub_clz.o
        24          0          0          0          0         68   fcmpi.o
       388         76          0          0          0         96   fdiv.o
        54          4          0          0          0         84   ffix.o
        48          0          0          0          0         68   fflt_clz.o
       104          4          0          0          0         84   fleqf.o
       258          4          0          0          0         84   fmul.o
       140          4          0          0          0         84   fnaninf.o
        10          0          0          0          0         68   fretinf.o
        98          0          0          0          0         68   frleqf.o
       100          0          0          0          0         68   retnan.o
        92          0          0          0          0         68   scalbn.o
        48          0          0          0          0         68   trapv.o
         0          0          0          0          0          0   usenofp.o
       544         70        152          0          0        124   atan.o
       384         38          0          0          0        144   atan2.o
       156          8          0          0          0        104   cos.o
       252         22         48          0          0        124   cos_i.o
        38          6          0          0          0        272   dunder.o
        40          0          0          0          0         68   fpclassify.o
       170          0          0          0          0         96   poly.o
         0          0          8          0          0          0   qnan.o
       904         76        200          0          0        140   rred.o
       160         10          0          0          0        108   sin.o
       236         12         40          0          0        128   sin_i.o
        76          0          0          0          0         84   sqrt.o
       100         10          0          0          0         96   tan.o
       636         50         96          0          0        168   tan_i.o

    ----------------------------------------------------------------------
      8976        674        544          0         96       5148   Library Totals
        26          0          0          0          0          0   (incl. Padding)

    ----------------------------------------------------------------------

      Code (inc. data)   RO Data    RW Data    ZI Data      Debug   Library Name

       366         20          0          0         96        752   c_w.l
      4888        352          0          0          0       2740   fz_ws.l
      3696        302        544          0          0       1656   m_ws.l

    ----------------------------------------------------------------------
      8976        674        544          0         96       5148   Library Totals

    ----------------------------------------------------------------------

==============================================================================


      Code (inc. data)   RO Data    RW Data    ZI Data      Debug   

     17076       1486       3924       6180       1668     253417   Grand Totals
     17076       1486       3924        628       1668     253417   ELF Image Totals (compressed)
     17076       1486       3924        628          0          0   ROM Totals

==============================================================================

    Total RO  Size (Code + RO Data)                21000 (  20.51kB)
    Total RW  Size (RW Data + ZI Data)              7848 (   7.66kB)
    Total ROM Size (Code + RO Data + RW Data)      21628 (  21.12kB)

==============================================================================

